Archive member included to satisfy reference by file (symbol)

C:/NXP/S32DS_Power_v2.1/S32DS/build_tools/e200_ewl2/lib/e200z4/fp\libc99.a(strlen.o)
                              ./Sources/mpc_print.o (strlen)
c:/nxp/s32ds_power_v2.1/s32ds/build_tools/powerpc-eabivle-4_9/bin/../lib/gcc/powerpc-eabivle/4.9.4/e200z4/fp\libgcc.a(eabivle.o)
                              ./Sources/main.o (__eabi)

Discarded input sections

 .text          0x00000000        0x0 c:/nxp/s32ds_power_v2.1/s32ds/build_tools/powerpc-eabivle-4_9/bin/../lib/gcc/powerpc-eabivle/4.9.4/e200z4/fp/ecrti.o
 .data          0x00000000        0x0 c:/nxp/s32ds_power_v2.1/s32ds/build_tools/powerpc-eabivle-4_9/bin/../lib/gcc/powerpc-eabivle/4.9.4/e200z4/fp/ecrti.o
 .bss           0x00000000        0x0 c:/nxp/s32ds_power_v2.1/s32ds/build_tools/powerpc-eabivle-4_9/bin/../lib/gcc/powerpc-eabivle/4.9.4/e200z4/fp/ecrti.o
 .fixup         0x00000000        0x0 c:/nxp/s32ds_power_v2.1/s32ds/build_tools/powerpc-eabivle-4_9/bin/../lib/gcc/powerpc-eabivle/4.9.4/e200z4/fp/ecrti.o
 .sbss2         0x00000000        0x0 c:/nxp/s32ds_power_v2.1/s32ds/build_tools/powerpc-eabivle-4_9/bin/../lib/gcc/powerpc-eabivle/4.9.4/e200z4/fp/ecrti.o
 .gcc_except_table
                0x00000000        0x0 c:/nxp/s32ds_power_v2.1/s32ds/build_tools/powerpc-eabivle-4_9/bin/../lib/gcc/powerpc-eabivle/4.9.4/e200z4/fp/ecrti.o
 .data          0x00000000        0x4 c:/nxp/s32ds_power_v2.1/s32ds/build_tools/powerpc-eabivle-4_9/bin/../lib/gcc/powerpc-eabivle/4.9.4/e200z4/fp/crtbegin.o
 .group         0x00000000        0x8 ./Generated_Code/Cpu.o
 .group         0x00000000        0x8 ./Generated_Code/Cpu.o
 .group         0x00000000        0x8 ./Generated_Code/Cpu.o
 .group         0x00000000        0x8 ./Generated_Code/Cpu.o
 .group         0x00000000        0x8 ./Generated_Code/Cpu.o
 .group         0x00000000        0x8 ./Generated_Code/Cpu.o
 .group         0x00000000        0x8 ./Generated_Code/Cpu.o
 .group         0x00000000        0x8 ./Generated_Code/Cpu.o
 .group         0x00000000        0x8 ./Generated_Code/Cpu.o
 .group         0x00000000        0x8 ./Generated_Code/Cpu.o
 .group         0x00000000        0x8 ./Generated_Code/Cpu.o
 .group         0x00000000        0x8 ./Generated_Code/Cpu.o
 .group         0x00000000        0x8 ./Generated_Code/Cpu.o
 .group         0x00000000        0x8 ./Generated_Code/Cpu.o
 .group         0x00000000        0x8 ./Generated_Code/Cpu.o
 .group         0x00000000        0x8 ./Generated_Code/Cpu.o
 .group         0x00000000        0x8 ./Generated_Code/Cpu.o
 .group         0x00000000        0x8 ./Generated_Code/Cpu.o
 .group         0x00000000        0x8 ./Generated_Code/Cpu.o
 .group         0x00000000        0x8 ./Generated_Code/Cpu.o
 .group         0x00000000        0x8 ./Generated_Code/Cpu.o
 .group         0x00000000        0x8 ./Generated_Code/Cpu.o
 .group         0x00000000        0x8 ./Generated_Code/Cpu.o
 .group         0x00000000        0x8 ./Generated_Code/Cpu.o
 .group         0x00000000        0x8 ./Generated_Code/Cpu.o
 .group         0x00000000        0x8 ./Generated_Code/Cpu.o
 .group         0x00000000        0x8 ./Generated_Code/Cpu.o
 .group         0x00000000        0x8 ./Generated_Code/Cpu.o
 .group         0x00000000        0x8 ./Generated_Code/Cpu.o
 .group         0x00000000        0x8 ./Generated_Code/Cpu.o
 .group         0x00000000        0x8 ./Generated_Code/Cpu.o
 .group         0x00000000        0x8 ./Generated_Code/Cpu.o
 .group         0x00000000        0x8 ./Generated_Code/Cpu.o
 .group         0x00000000        0x8 ./Generated_Code/Cpu.o
 .text          0x00000000        0x0 ./Generated_Code/Cpu.o
 .data          0x00000000        0x0 ./Generated_Code/Cpu.o
 .bss           0x00000000        0x0 ./Generated_Code/Cpu.o
 .debug_info    0x00000000       0x7d ./Generated_Code/Cpu.o
 .debug_abbrev  0x00000000       0x29 ./Generated_Code/Cpu.o
 .debug_aranges
                0x00000000       0x18 ./Generated_Code/Cpu.o
 .debug_macro   0x00000000      0x252 ./Generated_Code/Cpu.o
 .debug_macro   0x00000000      0x610 ./Generated_Code/Cpu.o
 .debug_macro   0x00000000       0x52 ./Generated_Code/Cpu.o
 .debug_macro   0x00000000       0xa0 ./Generated_Code/Cpu.o
 .debug_macro   0x00000000       0x16 ./Generated_Code/Cpu.o
 .debug_macro   0x00000000       0x11 ./Generated_Code/Cpu.o
 .debug_macro   0x00000000       0x75 ./Generated_Code/Cpu.o
 .debug_macro   0x00000000       0x17 ./Generated_Code/Cpu.o
 .debug_macro   0x00000000       0x5e ./Generated_Code/Cpu.o
 .debug_macro   0x00000000      0x1aa ./Generated_Code/Cpu.o
 .debug_macro   0x00000000      0x13a ./Generated_Code/Cpu.o
 .debug_macro   0x00000000       0x9d ./Generated_Code/Cpu.o
 .debug_macro   0x00000000       0x10 ./Generated_Code/Cpu.o
 .debug_macro   0x00000000      0x15b ./Generated_Code/Cpu.o
 .debug_macro   0x00000000       0x28 ./Generated_Code/Cpu.o
 .debug_macro   0x00000000       0x58 ./Generated_Code/Cpu.o
[...]
Memory Configuration

Name             Origin             Length             Attributes
flash_rchw       0x00fa0000         0x00000004
cpu0_reset_vec   0x00fa0010         0x00000004
cpu1_reset_vec   0x00fa0014         0x00000004
cpu2_reset_vec   0x00fa0004         0x00000004
rappid_boot_data 0x00fa0008         0x00000008
m_text           0x01000000         0x001d0000
m_data           0x40000000         0x00040000
*default*        0x00000000         0xffffffff

Linker script and memory map

LOAD c:/nxp/s32ds_power_v2.1/s32ds/build_tools/powerpc-eabivle-4_9/bin/../lib/gcc/powerpc-eabivle/4.9.4/e200z4/fp/ecrti.o
LOAD c:/nxp/s32ds_power_v2.1/s32ds/build_tools/powerpc-eabivle-4_9/bin/../lib/gcc/powerpc-eabivle/4.9.4/e200z4/fp/crtbegin.o
LOAD ./Generated_Code/Cpu.o
LOAD ./Generated_Code/clockMan1.o
LOAD ./Generated_Code/dmaController1.o
LOAD ./Generated_Code/ethernet1.o
LOAD ./Generated_Code/ethernet2.o
LOAD ./Generated_Code/pin_mux.o
LOAD ./Generated_Code/uart_pal1.o
LOAD ./Generated_Code/uart_pal2.o
LOAD ./Project_Settings/Startup_Code/core0_intc_sw_handlers.o
LOAD ./Project_Settings/Startup_Code/interrupt_vectors.o
LOAD ./Project_Settings/Startup_Code/startup_MPC5748G.o
LOAD ./SDK/platform/devices/MPC5748G/startup/system_MPC5748G.o
LOAD ./SDK/platform/devices/startup.o
LOAD ./SDK/platform/drivers/src/clock/MPC57xx/clock_MPC57xx.o
LOAD ./SDK/platform/drivers/src/edma/edma_driver.o
LOAD ./SDK/platform/drivers/src/edma/edma_hw_access.o
LOAD ./SDK/platform/drivers/src/edma/edma_irq.o
LOAD ./SDK/platform/drivers/src/enet/enet_driver.o
LOAD ./SDK/platform/drivers/src/enet/enet_hw_access.o
LOAD ./SDK/platform/drivers/src/enet/enet_irq.o
LOAD ./SDK/platform/drivers/src/interrupt/interrupt_manager_MPC57xx.o
LOAD ./SDK/platform/drivers/src/linflexd/linflexd_uart_driver.o
LOAD ./SDK/platform/drivers/src/linflexd/linflexd_uart_irq.o
LOAD ./SDK/platform/drivers/src/pins/siul2/pins_siul2_driver.o
LOAD ./SDK/platform/drivers/src/pins/siul2/siul2_hw_access.o
LOAD ./SDK/platform/pal/src/uart/uart_pal.o
LOAD ./SDK/rtos/osif/osif_baremetal.o
LOAD ./Sources/main.o
LOAD ./Sources/mpc_print.o
START GROUP
LOAD C:/NXP/S32DS_Power_v2.1/S32DS/build_tools/e200_ewl2/lib/e200z4/fp\libc99.a
LOAD C:/NXP/S32DS_Power_v2.1/S32DS/build_tools/e200_ewl2/lib/e200z4/fp\libm.a
LOAD c:/nxp/s32ds_power_v2.1/s32ds/build_tools/powerpc-eabivle-4_9/bin/../lib/gcc/powerpc-eabivle/4.9.4/e200z4/fp\libgcc.a
LOAD C:/NXP/S32DS_Power_v2.1/S32DS/build_tools/e200_ewl2/lib/e200z4/fp\librt.a
END GROUP
LOAD c:/nxp/s32ds_power_v2.1/s32ds/build_tools/powerpc-eabivle-4_9/bin/../lib/gcc/powerpc-eabivle/4.9.4/e200z4/fp/crtend.o
LOAD c:/nxp/s32ds_power_v2.1/s32ds/build_tools/powerpc-eabivle-4_9/bin/../lib/gcc/powerpc-eabivle/4.9.4/e200z4/fp/ecrtn.o
                0x00000000                __HEAP_SIZE = DEFINED (__heap_size__)?__heap_size__:0x0
                0x00001000                __STACK_SIZE = DEFINED (__stack_size__)?__stack_size__:0x1000
                0x01000000                FLASH_BASE_ADDR = DEFINED (__flash_base_addr__)?__flash_base_addr__:0x1000000
                0x001d0000                FLASH_SIZE = DEFINED (__flash_size__)?__flash_size__:0x1d0000
                0x40000000                SRAM_BASE_ADDR = DEFINED (__sram_base_addr__)?__sram_base_addr__:0x40000000
                0x00040000                SRAM_SIZE = DEFINED (__sram_size__)?__sram_size__:0x40000
                0x00fa0008                RAPPID_BOOT_APP_DELAY_ADDR = 0xfa0008
                0x00fa000c                RAPPID_BOOT_APP_KEY_ADDR = 0xfa000c

.rchw           0x00fa0000        0x4
 *(.rchw)
 .rchw          0x00fa0000        0x4 ./Project_Settings/Startup_Code/startup_MPC5748G.o

.cpu0_reset_vector
                0x00fa0010        0x4
 *(.cpu0_reset_vector)
 .cpu0_reset_vector
                0x00fa0010        0x4 ./Project_Settings/Startup_Code/startup_MPC5748G.o

.cpu1_reset_vector
 *(.cpu1_reset_vector)

.cpu2_reset_vector
 *(.cpu2_reset_vector)

.RAppID_AppDelay
                0x00fa0008        0x4
 *(.RAppID_AppDelay)
 .RAppID_AppDelay
                0x00fa0008        0x4 ./Project_Settings/Startup_Code/startup_MPC5748G.o

.RAppID_AppKeyAddr
                0x00fa000c        0x4
 *(.RAppID_AppKeyAddr)
 .RAppID_AppKeyAddr
                0x00fa000c        0x4 ./Project_Settings/Startup_Code/startup_MPC5748G.o

.startup        0x01000000      0x168
                0x01000000                __start = .
 *(.startup)
 .startup       0x01000000      0x168 ./Project_Settings/Startup_Code/startup_MPC5748G.o
                0x01000000                Reset_Handler
                0x01000000                _start

.core_exceptions_table
                0x01001000       0xb4
                0x01001000                __IVPR_VALUE = .
 *(.core_exceptions_table)
 .core_exceptions_table
                0x01001000       0xb4 ./Project_Settings/Startup_Code/interrupt_vectors.o
                0x01001000                IVOR0_Vector
                0x01001000                VTABLE
                0x01001010                IVOR1_Vector
                0x01001020                IVOR2_Vector
                0x01001030                IVOR3_Vector
                0x01001040                IVOR4_Vector
                0x01001050                IVOR5_Vector
                0x01001060                IVOR6_Vector
                0x01001070                IVOR35_Vector
                0x01001080                IVOR8_Vector
                0x01001090                IVOR15_Vector
                0x010010a0                IVOR33_Vector
                0x010010b0                IVOR34_Vector

.intc_vector_table
                0x01002000      0xbcc
                0x01002000                __VECTOR_TABLE = .
                0x01002000                __interrupts_start__ = .
 *(.intc_vector_table)
 .intc_vector_table
                0x01002000      0xbcc ./Project_Settings/Startup_Code/startup_MPC5748G.o
                0x01002000                __isr_vector
                0x01002bc8                SIUL_EIRQ_16_23_IRQHandler
                0x01002bc8                CAN1_ORed_12_15_MB_IRQHandler
                0x01002bc8                DSPI1_Send_IRQHandler
                0x01002bc8                DSPI0_FIFO_Error_IRQHandler
                0x01002bc8                CAN4_ORed_12_15_MB_IRQHandler
                0x01002bc8                PIT_Ch0_IRQHandler
                0x01002bc8                PIT_Ch14_IRQHandler
                0x01002bc8                CAN2_ORed_12_15_MB_IRQHandler
                0x01002bc8                EMIOS0_30_31_IRQHandler
                0x01002bc8                SWT0_IRQHandler
                0x01002bc8                PIT_Ch10_IRQHandler
                0x01002bc8                SAI2_Rx_IRQHandler
                0x01002bc8                PIT_Ch15_IRQHandler
                0x01002bc8                CAN5_Error_IRQHandler
                0x01002bc8                DSPI6_Send_IRQHandler
                0x01002bc8                ADC1_WD_IRQHandler
                0x01002bc8                IVOR5_Exception_Handler
                0x01002bc8                ADC0_WD_IRQHandler
                0x01002bc8                EMIOS0_10_11_IRQHandler
                0x01002bc8                EMIOS1_30_31_IRQHandler
                0x01002bc8                EMIOS1_00_01_IRQHandler
                0x01002bc8                USBOTG_IRQHandler
                0x01002bc8                EMIOS1_26_27_IRQHandler
                0x01002bc8                STM2_Ch2_IRQHandler
                0x01002bc8                IVOR34_Exception_Handler
                0x01002bc8                DSPI4_Send_IRQHandler
                0x01002bc8                DSPI5_FIFO_Error_IRQHandler
                0x01002bc8                WKPU_23_16_IRQHandler
                0x01002bc8                STM2_Ch3_IRQHandler
                0x01002bc8                CAN3_Error_IRQHandler
                0x01002bc8                CAN1_ORed_64_95_MB_IRQHandler
                0x01002bc8                CAN2_Error_IRQHandler
                0x01002bc8                SAI2_Tx_IRQHandler
                0x01002bc8                PIT_Ch7_IRQHandler
                0x01002bc8                EMIOS1_04_05_IRQHandler
                0x01002bc8                STM2_Ch1_IRQHandler
                0x01002bc8                EMIOS0_04_05_IRQHandler
                0x01002bc8                STM1_Ch2_IRQHandler
                0x01002bc8                CAN2_ORed_64_95_MB_IRQHandler
                0x01002bc8                CAN1_ORed_08_11_MB_IRQHandler
                0x01002bc8                CAN6_ORed_IRQHandler
                0x01002bc8                CAN5_ORed_04_07_MB_IRQHandler
                0x01002bc8                IVOR2_Exception_Handler
                0x01002bc8                DSPI3_Send_IRQHandler
                0x01002bc8                SAI0_Tx_IRQHandler
                0x01002bc8                CAN3_ORed_16_31_MB_IRQHandler
                0x01002bc8                EMIOS0_24_25_IRQHandler
                0x01002bc8                EMIOS2_00_01_IRQHandler
                0x01002bc8                IVOR33_Exception_Handler
                0x01002bc8                CAN1_ORed_00_03_MB_IRQHandler
                0x01002bc8                DSPI2_FIFO_Error_IRQHandler
                0x01002bc8                CAN2_ORed_04_07_MB_IRQHandler
                0x01002bc8                SWT2_IRQHandler
                0x01002bc8                CAN7_ORed_IRQHandler
                0x01002bc8                EMIOS2_26_27_IRQHandler
                0x01002bc8                DSPI9_FIFO_Error_IRQHandler
                0x01002bc8                EMIOS0_22_23_IRQHandler
                0x01002bc8                EMIOS1_28_29_IRQHandler
                0x01002bc8                HSM_DRV_IRQHandlerExtended
                0x01002bc8                EMIOS1_14_15_IRQHandler
                0x01002bc8                CAN5_ORed_64_95_MB_IRQHandler
                0x01002bc8                CAN4_ORed_IRQHandler
                0x01002bc8                PIT_Ch5_IRQHandler
                0x01002bc8                EMIOS0_12_13_IRQHandler
                0x01002bc8                DSPI0_Send_IRQHandler
                0x01002bc8                CAN7_ORed_04_07_MB_IRQHandler
                0x01002bc8                CAN1_ORed_16_31_MB_IRQHandler
                0x01002bc8                DSPI4_FIFO_Error_IRQHandler
                0x01002bc8                CAN7_ORed_12_15_MB_IRQHandler
                0x01002bc8                IVOR15_Exception_Handler
                0x01002bc8                CAN0_ORed_04_07_MB_IRQHandler
                0x01002bc8                PIT_Ch1_IRQHandler
                0x01002bc8                DSPI6_Receive_IRQHandler
                0x01002bc8                BCTU_ListLast_IRQHandler
                0x01002bc8                DSPI0_Receive_IRQHandler
                0x01002bc8                I2C_DRV_Module2IRQHandler
                0x01002bc8                SAI1_Tx_IRQHandler
                0x01002bc8                CAN7_ORed_08_11_MB_IRQHandler
                0x01002bc8                EMIOS0_14_15_IRQHandler
                0x01002bc8                PIT_Ch2_IRQHandler
                0x01002bc8                CMP0_IRQHandler
                0x01002bc8                CAN0_Wake_Up_IRQHandler
                0x01002bc8                STM2_Ch0_IRQHandler
                0x01002bc8                ADC0_EOC_IRQHandler
                0x01002bc8                EMIOS0_16_17_IRQHandler
                0x01002bc8                DSPI2_Send_IRQHandler
                0x01002bc8                CAN4_ORed_16_31_MB_IRQHandler
                0x01002bc8                CAN3_ORed_00_03_MB_IRQHandler
                0x01002bc8                EMIOS1_10_11_IRQHandler
                0x01002bc8                PIT_Ch4_IRQHandler
                0x01002bc8                EMIOS2_28_29_IRQHandler
                0x01002bc8                CAN7_ORed_00_03_MB_IRQHandler
                0x01002bc8                CAN6_ORed_08_11_MB_IRQHandler
                0x01002bc8                DSPI2_Receive_IRQHandler
                0x01002bc8                CAN5_ORed_00_03_MB_IRQHandler
                0x01002bc8                CAN1_ORed_IRQHandler
                0x01002bc8                SAI0_Rx_IRQHandler
                0x01002bc8                DSPI3_Receive_IRQHandler
                0x01002bc8                ADC1_ER_IRQHandler
                0x01002bc8                DSPI9_Receive_IRQHandler
                0x01002bc8                CAN4_ORed_04_07_MB_IRQHandler
                0x01002bc8                CAN2_ORed_16_31_MB_IRQHandler
                0x01002bc8                PIT_Ch11_IRQHandler
                0x01002bc8                DSPI7_Receive_IRQHandler
                0x01002bc8                ADC0_ER_IRQHandler
                0x01002bc8                CAN6_ORed_04_07_MB_IRQHandler
                0x01002bc8                SIUL_EIRQ_00_07_IRQHandler
                0x01002bc8                CAN3_ORed_08_11_MB_IRQHandler
                0x01002bc8                CAN2_ORed_32_63_MB_IRQHandler
                0x01002bc8                DSPI1_FIFO_Error_IRQHandler
                0x01002bc8                CAN0_Error_IRQHandler
                0x01002bc8                CAN5_ORed_08_11_MB_IRQHandler
                0x01002bc8                PIT_Ch12_IRQHandler
                0x01002bc8                CAN3_ORed_32_63_MB_IRQHandler
                0x01002bc8                CAN5_ORed_IRQHandler
                0x01002bc8                EMIOS2_06_07_IRQHandler
                0x01002bc8                CAN2_ORed_08_11_MB_IRQHandler
                0x01002bc8                SIUL_EIRQ_24_31_IRQHandler
                0x01002bc8                EMIOS1_06_07_IRQHandler
                0x01002bc8                IVOR3_Exception_Handler
                0x01002bc8                EMIOS1_12_13_IRQHandler
                0x01002bc8                STM1_Ch1_IRQHandler
                0x01002bc8                DSPI7_FIFO_Error_IRQHandler
                0x01002bc8                IVOR1_Exception_Handler
                0x01002bc8                I2C_DRV_Module1IRQHandler
                0x01002bc8                DSPI8_Receive_IRQHandler
                0x01002bc8                STM1_Ch0_IRQHandler
                0x01002bc8                CMP2_IRQHandler
                0x01002bc8                EMIOS2_20_21_IRQHandler
                0x01002bc8                CAN4_Error_IRQHandler
                0x01002bc8                CAN6_ORed_64_95_MB_IRQHandler
                0x01002bc8                STM0_Ch0_IRQHandler
                0x01002bc8                PIT_RTI_IRQHandler
                0x01002bc8                CAN2_ORed_00_03_MB_IRQHandler
                0x01002bc8                CAN0_ORed_32_63_MB_IRQHandler
                0x01002bc8                EMIOS2_04_05_IRQHandler
                0x01002bc8                HSM_DRV_IRQHandler
                0x01002bc8                IVOR8_Exception_Handler
                0x01002bc8                DSPI9_Send_IRQHandler
                0x01002bc8                DSPI5_Receive_IRQHandler
                0x01002bc8                CAN1_Error_IRQHandler
                0x01002bc8                CAN7_ORed_16_31_MB_IRQHandler
                0x01002bc8                CAN4_ORed_00_03_MB_IRQHandler
                0x01002bc8                WKPU_31_24_IRQHandler
                0x01002bc8                CAN4_ORed_32_63_MB_IRQHandler
                0x01002bc8                PIT_Ch13_IRQHandler
                0x01002bc8                EMIOS1_02_03_IRQHandler
                0x01002bc8                CAN0_ORed_IRQHandler
                0x01002bc8                STM0_Ch2_IRQHandler
                0x01002bc8                CAN0_ORed_12_15_MB_IRQHandler
                0x01002bc8                CAN5_ORed_12_15_MB_IRQHandler
                0x01002bc8                CAN3_ORed_04_07_MB_IRQHandler
                0x01002bc8                WKPU_15_08_IRQHandler
                0x01002bc8                CAN4_ORed_64_95_MB_IRQHandler
                0x01002bc8                DSPI8_FIFO_Error_IRQHandler
                0x01002bc8                CAN7_ORed_32_63_MB_IRQHandler
                0x01002bc8                RTC0_IRQHandler
                0x01002bc8                EMIOS0_00_01_IRQHandler
                0x01002bc8                STM0_Ch3_IRQHandler
                0x01002bc8                EMIOS0_18_19_IRQHandler
                0x01002bc8                EMIOS2_02_03_IRQHandler
                0x01002bc8                DSPI3_FIFO_Error_IRQHandler
                0x01002bc8                EMIOS2_18_19_IRQHandler
                0x01002bc8                I2C_DRV_Module0IRQHandler
                0x01002bc8                EMIOS0_20_21_IRQHandler
                0x01002bc8                USBHS_IRQHandler
                0x01002bc8                I2C_DRV_Module3IRQHandler
                0x01002bc8                EMIOS1_24_25_IRQHandler
                0x01002bc8                DSPI7_Send_IRQHandler
                0x01002bc8                STM1_Ch3_IRQHandler
                0x01002bc8                PIT_Ch6_IRQHandler
                0x01002bc8                IVOR6_Exception_Handler
                0x01002bc8                CAN7_ORed_64_95_MB_IRQHandler
                0x01002bc8                IVOR0_Exception_Handler
                0x01002bc8                IVOR35_Exception_Handler
                0x01002bc8                CAN0_ORed_00_03_MB_IRQHandler
                0x01002bc8                DSPI4_Receive_IRQHandler
                0x01002bc8                EMIOS0_26_27_IRQHandler
                0x01002bc8                CAN3_ORed_64_95_MB_IRQHandler
                0x01002bc8                PIT_Ch3_IRQHandler
                0x01002bc8                EMIOS1_08_09_IRQHandler
                0x01002bc8                CAN7_Error_IRQHandler
                0x01002bc8                DSPI6_FIFO_Error_IRQHandler
                0x01002bc8                EMIOS1_22_23_IRQHandler
                0x01002bc8                CAN6_ORed_16_31_MB_IRQHandler
                0x01002bc8                DSPI1_Receive_IRQHandler
                0x01002bc8                EMIOS0_08_09_IRQHandler
                0x01002bc8                CAN3_ORed_12_15_MB_IRQHandler
                0x01002bc8                EMIOS2_12_13_IRQHandler
                0x01002bc8                CAN6_ORed_00_03_MB_IRQHandler
                0x01002bc8                EMIOS2_10_11_IRQHandler
                0x01002bc8                CAN0_ORed_08_11_MB_IRQHandler
                0x01002bc8                CAN6_Error_IRQHandler
                0x01002bc8                EMIOS1_16_17_IRQHandler
                0x01002bc8                SWT1_IRQHandler
                0x01002bc8                EMIOS2_24_25_IRQHandler
                0x01002bc8                API0_IRQHandler
                0x01002bc8                DSPI8_Send_IRQHandler
                0x01002bc8                PIT_Ch9_IRQHandler
                0x01002bc8                SIUL_EIRQ_08_15_IRQHandler
                0x01002bc8                CAN5_ORed_32_63_MB_IRQHandler
                0x01002bc8                CAN2_ORed_IRQHandler
                0x01002bc8                FLASH_Done_IRQHandler
                0x01002bc8                EMIOS1_18_19_IRQHandler
                0x01002bc8                EMIOS2_14_15_IRQHandler
                0x01002bc8                CAN1_ORed_32_63_MB_IRQHandler
                0x01002bc8                EMIOS0_28_29_IRQHandler
                0x01002bc8                CAN0_ORed_16_31_MB_IRQHandler
                0x01002bc8                EMIOS2_08_09_IRQHandler
                0x01002bc8                CAN0_ORed_64_95_MB_IRQHandler
                0x01002bc8                DefaultISR
                0x01002bc8                EMIOS0_06_07_IRQHandler
                0x01002bc8                uSDHC_DriverIRQHandler
                0x01002bc8                PIT_Ch8_IRQHandler
                0x01002bc8                CAN4_ORed_08_11_MB_IRQHandler
                0x01002bc8                EMIOS0_02_03_IRQHandler
                0x01002bc8                CAN6_ORed_32_63_MB_IRQHandler
                0x01002bc8                CMP1_IRQHandler
                0x01002bc8                CAN1_ORed_04_07_MB_IRQHandler
                0x01002bc8                EMIOS2_22_23_IRQHandler
                0x01002bc8                FCCU0_IRQ_Handler
                0x01002bc8                STM0_Ch1_IRQHandler
                0x01002bc8                DSPI5_Send_IRQHandler
                0x01002bc8                ADC1_EOC_IRQHandler
                0x01002bc8                CAN6_ORed_12_15_MB_IRQHandler
                0x01002bc8                WKPU_07_00_IRQHandler
                0x01002bc8                BCTU_ConvUpdate_IRQHandler
                0x01002bc8                SAI1_Rx_IRQHandler
                0x01002bc8                EMIOS2_30_31_IRQHandler
                0x01002bc8                EMIOS1_20_21_IRQHandler
                0x01002bc8                EMIOS2_16_17_IRQHandler
                0x01002bc8                CAN5_ORed_16_31_MB_IRQHandler
                0x01002bc8                CAN3_ORed_IRQHandler
                0x01002bcc                __interrupts_end__ = .
                0x00000c00                __RAM_VECTOR_TABLE_SIZE = 0xc00
                0x01002c00                __VECTOR_TABLE_COPY_END = (__VECTOR_TABLE + __RAM_VECTOR_TABLE_SIZE)

.text           0x01002bd0     0x6110
 *(.text.startup)
 *(.text)
 .text          0x01002bd0      0x16c c:/nxp/s32ds_power_v2.1/s32ds/build_tools/powerpc-eabivle-4_9/bin/../lib/gcc/powerpc-eabivle/4.9.4/e200z4/fp/crtbegin.o
 *fill*         0x01002d3c        0x4 
 .text          0x01002d40      0x2f6 ./Project_Settings/Startup_Code/core0_intc_sw_handlers.o
                0x01002d80                IVOR0_Handler
                0x01002dae                IVOR1_Handler
                0x01002dfc                IVOR2_Handler
                0x01002e36                IVOR3_Handler
                0x01002e70                IVOR4_Handler
                0x01002eb8                IVOR5_Handler
                0x01002ef2                IVOR6_Handler
                0x01002f2c                IVOR8_Handler
                0x01002f66                IVOR15_Handler
                0x01002f94                IVOR33_Handler
                0x01002fce                IVOR34_Handler
                0x01003008                IVOR35_Handler
 .text          0x01003036       0x4a c:/nxp/s32ds_power_v2.1/s32ds/build_tools/powerpc-eabivle-4_9/bin/../lib/gcc/powerpc-eabivle/4.9.4/e200z4/fp\libgcc.a(eabivle.o)
                0x01003036                __eabi
 .text          0x01003080       0x48 c:/nxp/s32ds_power_v2.1/s32ds/build_tools/powerpc-eabivle-4_9/bin/../lib/gcc/powerpc-eabivle/4.9.4/e200z4/fp/crtend.o
 *(.text.*)
 .text.SystemInit
                0x010030c8       0x8e ./SDK/platform/devices/MPC5748G/startup/system_MPC5748G.o
                0x010030c8                SystemInit
 *fill*         0x01003156        0x2 
 .text.init_data_bss
                0x01003158       0xb8 ./SDK/platform/devices/startup.o
                0x01003158                init_data_bss
 .text.CLOCK_SYS_GetFircFreq
                0x01003210       0x1e ./SDK/platform/drivers/src/clock/MPC57xx/clock_MPC57xx.o
 *fill*         0x0100322e        0x2 
 .text.CLOCK_SYS_GetFxoscFreq
                0x01003230       0x1e ./SDK/platform/drivers/src/clock/MPC57xx/clock_MPC57xx.o
 *fill*         0x0100324e        0x2 
 .text.CLOCK_SYS_CalculateFrequenciesOfClockSources
                0x01003250      0x136 ./SDK/platform/drivers/src/clock/MPC57xx/clock_MPC57xx.o
 *fill*         0x01003386        0x2 
 .text.CLOCK_SYS_GetSystemClockFreq
                0x01003388      0x1e6 ./SDK/platform/drivers/src/clock/MPC57xx/clock_MPC57xx.o
 *fill*         0x0100356e        0x2 
 .text.CLOCK_DRV_GetFreq
                0x01003570      0x456 ./SDK/platform/drivers/src/clock/MPC57xx/clock_MPC57xx.o
                0x01003570                CLOCK_DRV_GetFreq
 *fill*         0x010039c6        0x2 
 .text.CLOCK_DRV_Init
                0x010039c8      0xbba ./SDK/platform/drivers/src/clock/MPC57xx/clock_MPC57xx.o
                0x010039c8                CLOCK_DRV_Init
 *fill*         0x01004582        0x2 
 .text.CLOCK_SYS_Init
                0x01004584       0x4c ./SDK/platform/drivers/src/clock/MPC57xx/clock_MPC57xx.o
                0x01004584                CLOCK_SYS_Init
 .text.CLOCK_SYS_UpdateConfiguration
                0x010045d0      0x186 ./SDK/platform/drivers/src/clock/MPC57xx/clock_MPC57xx.o
                0x010045d0                CLOCK_SYS_UpdateConfiguration
 *fill*         0x01004756        0x2 
 .text.CLOCK_SYS_GetFreq
                0x01004758       0x14 ./SDK/platform/drivers/src/clock/MPC57xx/clock_MPC57xx.o
                0x01004758                CLOCK_SYS_GetFreq
 .text.EDMA_DRV_InstallCallback
                0x0100476c       0x5e ./SDK/platform/drivers/src/edma/edma_driver.o
                0x0100476c                EDMA_DRV_InstallCallback
 *fill*         0x010047ca        0x2 
 .text.EDMA_DRV_IRQHandler
                0x010047cc       0x52 ./SDK/platform/drivers/src/edma/edma_driver.o
                0x010047cc                EDMA_DRV_IRQHandler
 *fill*         0x0100481e        0x2 
 .text.EDMA_DRV_ErrorIRQHandler
                0x01004820       0x6c ./SDK/platform/drivers/src/edma/edma_driver.o
                0x01004820                EDMA_DRV_ErrorIRQHandler
 .text.EDMA_DRV_ConfigSingleBlockTransfer
                0x0100488c      0x1ea ./SDK/platform/drivers/src/edma/edma_driver.o
                0x0100488c                EDMA_DRV_ConfigSingleBlockTransfer
 *fill*         0x01004a76        0x2 
 .text.EDMA_DRV_ConfigMultiBlockTransfer
                0x01004a78       0xa6 ./SDK/platform/drivers/src/edma/edma_driver.o
                0x01004a78                EDMA_DRV_ConfigMultiBlockTransfer
 *fill*         0x01004b1e        0x2 
 .text.EDMA_DRV_StartChannel
                0x01004b20       0x6c ./SDK/platform/drivers/src/edma/edma_driver.o
                0x01004b20                EDMA_DRV_StartChannel
 .text.EDMA_DRV_StopChannel
                0x01004b8c       0x6c ./SDK/platform/drivers/src/edma/edma_driver.o
                0x01004b8c                EDMA_DRV_StopChannel
 .text.EDMA_DRV_SetSrcAddr
                0x01004bf8       0x6a ./SDK/platform/drivers/src/edma/edma_driver.o
                0x01004bf8                EDMA_DRV_SetSrcAddr
 *fill*         0x01004c62        0x2 
 .text.EDMA_DRV_SetDestAddr
                0x01004c64       0x6a ./SDK/platform/drivers/src/edma/edma_driver.o
                0x01004c64                EDMA_DRV_SetDestAddr
 *fill*         0x01004cce        0x2 
 .text.EDMA_DRV_SetMajorLoopIterationCount
                0x01004cd0       0x6a ./SDK/platform/drivers/src/edma/edma_driver.o
                0x01004cd0                EDMA_DRV_SetMajorLoopIterationCount
 *fill*         0x01004d3a        0x2 
 .text.EDMA_DRV_GetRemainingMajorIterationsCount
                0x01004d3c       0x68 ./SDK/platform/drivers/src/edma/edma_driver.o
                0x01004d3c                EDMA_DRV_GetRemainingMajorIterationsCount
 .text.EDMA_DRV_GetDmaRegBaseAddr
                0x01004da4       0x12 ./SDK/platform/drivers/src/edma/edma_driver.o
                0x01004da4                EDMA_DRV_GetDmaRegBaseAddr
 *fill*         0x01004db6        0x2 
 .text.EDMA_GetErrorIntStatusFlag
                0x01004db8        0xa ./SDK/platform/drivers/src/edma/edma_hw_access.o
                0x01004db8                EDMA_GetErrorIntStatusFlag
 *fill*         0x01004dc2        0x2 
 .text.EDMA_ClearErrorIntStatusFlag
                0x01004dc4       0x12 ./SDK/platform/drivers/src/edma/edma_hw_access.o
                0x01004dc4                EDMA_ClearErrorIntStatusFlag
 *fill*         0x01004dd6        0x2 
 .text.EDMA_SetDmaRequestCmd
                0x01004dd8       0x12 ./SDK/platform/drivers/src/edma/edma_hw_access.o
                0x01004dd8                EDMA_SetDmaRequestCmd
 *fill*         0x01004dea        0x2 
 .text.EDMA_ClearDoneStatusFlag
                0x01004dec       0x12 ./SDK/platform/drivers/src/edma/edma_hw_access.o
                0x01004dec                EDMA_ClearDoneStatusFlag
 *fill*         0x01004dfe        0x2 
 .text.EDMA_ClearIntStatusFlag
                0x01004e00       0x12 ./SDK/platform/drivers/src/edma/edma_hw_access.o
                0x01004e00                EDMA_ClearIntStatusFlag
 *fill*         0x01004e12        0x2 
 .text.EDMA_SetMinorLoopMappingCmd
                0x01004e14       0x14 ./SDK/platform/drivers/src/edma/edma_hw_access.o
                0x01004e14                EDMA_SetMinorLoopMappingCmd
 .text.EDMA_TCDClearReg
                0x01004e28       0x34 ./SDK/platform/drivers/src/edma/edma_hw_access.o
                0x01004e28                EDMA_TCDClearReg
 .text.EDMA_TCDSetSrcAddr
                0x01004e5c       0x18 ./SDK/platform/drivers/src/edma/edma_hw_access.o
                0x01004e5c                EDMA_TCDSetSrcAddr
 .text.EDMA_TCDSetSrcOffset
                0x01004e74       0x1e ./SDK/platform/drivers/src/edma/edma_hw_access.o
                0x01004e74                EDMA_TCDSetSrcOffset
 *fill*         0x01004e92        0x2 
 .text.EDMA_TCDSetAttribute
                0x01004e94       0x30 ./SDK/platform/drivers/src/edma/edma_hw_access.o
                0x01004e94                EDMA_TCDSetAttribute
 .text.EDMA_TCDSetNbytes
                0x01004ec4       0x54 ./SDK/platform/drivers/src/edma/edma_hw_access.o
                0x01004ec4                EDMA_TCDSetNbytes
 .text.EDMA_TCDSetDestAddr
                0x01004f18       0x18 ./SDK/platform/drivers/src/edma/edma_hw_access.o
                0x01004f18                EDMA_TCDSetDestAddr
 .text.EDMA_TCDSetDestOffset
                0x01004f30       0x1c ./SDK/platform/drivers/src/edma/edma_hw_access.o
                0x01004f30                EDMA_TCDSetDestOffset
 .text.EDMA_TCDSetDisableDmaRequestAfterTCDDoneCmd
                0x01004f4c       0x34 ./SDK/platform/drivers/src/edma/edma_hw_access.o
                0x01004f4c                EDMA_TCDSetDisableDmaRequestAfterTCDDoneCmd
 .text.EDMA_TCDSetMajorCompleteIntCmd
                0x01004f80       0x34 ./SDK/platform/drivers/src/edma/edma_hw_access.o
                0x01004f80                EDMA_TCDSetMajorCompleteIntCmd
 .text.EDMA_TCDSetMajorCount
                0x01004fb4       0x72 ./SDK/platform/drivers/src/edma/edma_hw_access.o
                0x01004fb4                EDMA_TCDSetMajorCount
 *fill*         0x01005026        0x2 
 .text.EDMA_TCDGetCurrentMajorCount
                0x01005028       0x3e ./SDK/platform/drivers/src/edma/edma_hw_access.o
                0x01005028                EDMA_TCDGetCurrentMajorCount
 *fill*         0x01005066        0x2 
 .text.DMA0_Ch0_IRQHandler
                0x01005068       0x16 ./SDK/platform/drivers/src/edma/edma_irq.o
                0x01005068                DMA0_Ch0_IRQHandler
 *fill*         0x0100507e        0x2 
 .text.DMA0_Ch1_IRQHandler
                0x01005080       0x16 ./SDK/platform/drivers/src/edma/edma_irq.o
                0x01005080                DMA0_Ch1_IRQHandler
 *fill*         0x01005096        0x2 
 .text.DMA0_Ch2_IRQHandler
                0x01005098       0x16 ./SDK/platform/drivers/src/edma/edma_irq.o
                0x01005098                DMA0_Ch2_IRQHandler
 *fill*         0x010050ae        0x2 
 .text.DMA0_Ch3_IRQHandler
                0x010050b0       0x16 ./SDK/platform/drivers/src/edma/edma_irq.o
                0x010050b0                DMA0_Ch3_IRQHandler
 *fill*         0x010050c6        0x2 
 .text.DMA0_Ch4_IRQHandler
                0x010050c8       0x16 ./SDK/platform/drivers/src/edma/edma_irq.o
                0x010050c8                DMA0_Ch4_IRQHandler
 *fill*         0x010050de        0x2 
 .text.DMA0_Ch5_IRQHandler
                0x010050e0       0x16 ./SDK/platform/drivers/src/edma/edma_irq.o
                0x010050e0                DMA0_Ch5_IRQHandler
 *fill*         0x010050f6        0x2 
 .text.DMA0_Ch6_IRQHandler
                0x010050f8       0x16 ./SDK/platform/drivers/src/edma/edma_irq.o
                0x010050f8                DMA0_Ch6_IRQHandler
 *fill*         0x0100510e        0x2 
 .text.DMA0_Ch7_IRQHandler
                0x01005110       0x16 ./SDK/platform/drivers/src/edma/edma_irq.o
                0x01005110                DMA0_Ch7_IRQHandler
 *fill*         0x01005126        0x2 
 .text.DMA0_Ch8_IRQHandler
                0x01005128       0x16 ./SDK/platform/drivers/src/edma/edma_irq.o
                0x01005128                DMA0_Ch8_IRQHandler
 *fill*         0x0100513e        0x2 
 .text.DMA0_Ch9_IRQHandler
                0x01005140       0x16 ./SDK/platform/drivers/src/edma/edma_irq.o
                0x01005140                DMA0_Ch9_IRQHandler
 *fill*         0x01005156        0x2 
 .text.DMA0_Ch10_IRQHandler
                0x01005158       0x16 ./SDK/platform/drivers/src/edma/edma_irq.o
                0x01005158                DMA0_Ch10_IRQHandler
 *fill*         0x0100516e        0x2 
 .text.DMA0_Ch11_IRQHandler
                0x01005170       0x16 ./SDK/platform/drivers/src/edma/edma_irq.o
                0x01005170                DMA0_Ch11_IRQHandler
 *fill*         0x01005186        0x2 
 .text.DMA0_Ch12_IRQHandler
                0x01005188       0x16 ./SDK/platform/drivers/src/edma/edma_irq.o
                0x01005188                DMA0_Ch12_IRQHandler
 *fill*         0x0100519e        0x2 
 .text.DMA0_Ch13_IRQHandler
                0x010051a0       0x16 ./SDK/platform/drivers/src/edma/edma_irq.o
                0x010051a0                DMA0_Ch13_IRQHandler
 *fill*         0x010051b6        0x2 
 .text.DMA0_Ch14_IRQHandler
                0x010051b8       0x16 ./SDK/platform/drivers/src/edma/edma_irq.o
                0x010051b8                DMA0_Ch14_IRQHandler
 *fill*         0x010051ce        0x2 
 .text.DMA0_Ch15_IRQHandler
                0x010051d0       0x16 ./SDK/platform/drivers/src/edma/edma_irq.o
                0x010051d0                DMA0_Ch15_IRQHandler
 *fill*         0x010051e6        0x2 
 .text.DMA0_Ch16_IRQHandler
                0x010051e8       0x16 ./SDK/platform/drivers/src/edma/edma_irq.o
                0x010051e8                DMA0_Ch16_IRQHandler
 *fill*         0x010051fe        0x2 
 .text.DMA0_Ch17_IRQHandler
                0x01005200       0x16 ./SDK/platform/drivers/src/edma/edma_irq.o
                0x01005200                DMA0_Ch17_IRQHandler
 *fill*         0x01005216        0x2 
 .text.DMA0_Ch18_IRQHandler
                0x01005218       0x16 ./SDK/platform/drivers/src/edma/edma_irq.o
                0x01005218                DMA0_Ch18_IRQHandler
 *fill*         0x0100522e        0x2 
 .text.DMA0_Ch19_IRQHandler
                0x01005230       0x16 ./SDK/platform/drivers/src/edma/edma_irq.o
                0x01005230                DMA0_Ch19_IRQHandler
 *fill*         0x01005246        0x2 
 .text.DMA0_Ch20_IRQHandler
                0x01005248       0x16 ./SDK/platform/drivers/src/edma/edma_irq.o
                0x01005248                DMA0_Ch20_IRQHandler
 *fill*         0x0100525e        0x2 
 .text.DMA0_Ch21_IRQHandler
                0x01005260       0x16 ./SDK/platform/drivers/src/edma/edma_irq.o
                0x01005260                DMA0_Ch21_IRQHandler
 *fill*         0x01005276        0x2 
 .text.DMA0_Ch22_IRQHandler
                0x01005278       0x16 ./SDK/platform/drivers/src/edma/edma_irq.o
                0x01005278                DMA0_Ch22_IRQHandler
 *fill*         0x0100528e        0x2 
 .text.DMA0_Ch23_IRQHandler
                0x01005290       0x16 ./SDK/platform/drivers/src/edma/edma_irq.o
                0x01005290                DMA0_Ch23_IRQHandler
 *fill*         0x010052a6        0x2 
 .text.DMA0_Ch24_IRQHandler
                0x010052a8       0x16 ./SDK/platform/drivers/src/edma/edma_irq.o
                0x010052a8                DMA0_Ch24_IRQHandler
 *fill*         0x010052be        0x2 
 .text.DMA0_Ch25_IRQHandler
                0x010052c0       0x16 ./SDK/platform/drivers/src/edma/edma_irq.o
                0x010052c0                DMA0_Ch25_IRQHandler
 *fill*         0x010052d6        0x2 
 .text.DMA0_Ch26_IRQHandler
                0x010052d8       0x16 ./SDK/platform/drivers/src/edma/edma_irq.o
                0x010052d8                DMA0_Ch26_IRQHandler
 *fill*         0x010052ee        0x2 
 .text.DMA0_Ch27_IRQHandler
                0x010052f0       0x16 ./SDK/platform/drivers/src/edma/edma_irq.o
                0x010052f0                DMA0_Ch27_IRQHandler
 *fill*         0x01005306        0x2 
 .text.DMA0_Ch28_IRQHandler
                0x01005308       0x16 ./SDK/platform/drivers/src/edma/edma_irq.o
                0x01005308                DMA0_Ch28_IRQHandler
 *fill*         0x0100531e        0x2 
 .text.DMA0_Ch29_IRQHandler
                0x01005320       0x16 ./SDK/platform/drivers/src/edma/edma_irq.o
                0x01005320                DMA0_Ch29_IRQHandler
 *fill*         0x01005336        0x2 
 .text.DMA0_Ch30_IRQHandler
                0x01005338       0x16 ./SDK/platform/drivers/src/edma/edma_irq.o
                0x01005338                DMA0_Ch30_IRQHandler
 *fill*         0x0100534e        0x2 
 .text.DMA0_Ch31_IRQHandler
                0x01005350       0x16 ./SDK/platform/drivers/src/edma/edma_irq.o
                0x01005350                DMA0_Ch31_IRQHandler
 *fill*         0x01005366        0x2 
 .text.DMA0_Ch0_Ch31_Error_IRQHandler
                0x01005368       0x42 ./SDK/platform/drivers/src/edma/edma_irq.o
                0x01005368                DMA0_Ch0_Ch31_Error_IRQHandler
 *fill*         0x010053aa        0x2 
 .text.ENET_DRV_SendFrame
                0x010053ac      0x172 ./SDK/platform/drivers/src/enet/enet_driver.o
                0x010053ac                ENET_DRV_SendFrame
 *fill*         0x0100551e        0x2 
 .text.ENET_DRV_ProvideRxBuff
                0x01005520       0xd6 ./SDK/platform/drivers/src/enet/enet_driver.o
                0x01005520                ENET_DRV_ProvideRxBuff
 *fill*         0x010055f6        0x2 
 .text.ENET_DRV_SetMacAddr
                0x010055f8       0x5c ./SDK/platform/drivers/src/enet/enet_driver.o
                0x010055f8                ENET_DRV_SetMacAddr
 .text.ENET_DRV_SetSleepMode
                0x01005654       0x30 ./SDK/platform/drivers/src/enet/enet_driver.o
                0x01005654                ENET_DRV_SetSleepMode
 .text.ENET_DRV_ConfigCounters
                0x01005684       0x20 ./SDK/platform/drivers/src/enet/enet_driver.o
                0x01005684                ENET_DRV_ConfigCounters
 .text.ENET_DRV_Init
                0x010056a4      0x466 ./SDK/platform/drivers/src/enet/enet_driver.o
                0x010056a4                ENET_DRV_Init
 *fill*         0x01005b0a        0x2 
 .text.ENET_DRV_GetCounter
                0x01005b0c       0x22 ./SDK/platform/drivers/src/enet/enet_driver.o
                0x01005b0c                ENET_DRV_GetCounter
 *fill*         0x01005b2e        0x2 
 .text.ENET_ConfigBufferDescriptors
                0x01005b30       0x54 ./SDK/platform/drivers/src/enet/enet_hw_access.o
                0x01005b30                ENET_ConfigBufferDescriptors
 .text.ENET_ConfigReceiveControl
                0x01005b84       0xcc ./SDK/platform/drivers/src/enet/enet_hw_access.o
                0x01005b84                ENET_ConfigReceiveControl
 .text.ENET_ConfigTransmitControl
                0x01005c50       0x36 ./SDK/platform/drivers/src/enet/enet_hw_access.o
                0x01005c50                ENET_ConfigTransmitControl
 *fill*         0x01005c86        0x2 
 .text.ENET_ConfigCounters
                0x01005c88       0x40 ./SDK/platform/drivers/src/enet/enet_hw_access.o
                0x01005c88                ENET_ConfigCounters
 .text.ENET_TransmitIRQHandler
                0x01005cc8       0x4c ./SDK/platform/drivers/src/enet/enet_hw_access.o
                0x01005cc8                ENET_TransmitIRQHandler
 .text.ENET_ReceiveIRQHandler
                0x01005d14       0x4c ./SDK/platform/drivers/src/enet/enet_hw_access.o
                0x01005d14                ENET_ReceiveIRQHandler
 .text.ENET_Transmit1IRQHandler
                0x01005d60       0x4a ./SDK/platform/drivers/src/enet/enet_hw_access.o
                0x01005d60                ENET_Transmit1IRQHandler
 *fill*         0x01005daa        0x2 
 .text.ENET_Receive1IRQHandler
                0x01005dac       0x4a ./SDK/platform/drivers/src/enet/enet_hw_access.o
                0x01005dac                ENET_Receive1IRQHandler
 *fill*         0x01005df6        0x2 
 .text.ENET_Transmit2IRQHandler
                0x01005df8       0x4c ./SDK/platform/drivers/src/enet/enet_hw_access.o
                0x01005df8                ENET_Transmit2IRQHandler
 .text.ENET_Receive2IRQHandler
                0x01005e44       0x4a ./SDK/platform/drivers/src/enet/enet_hw_access.o
                0x01005e44                ENET_Receive2IRQHandler
 *fill*         0x01005e8e        0x2 
 .text.ENET_ErrorIRQHandler
                0x01005e90       0x4e ./SDK/platform/drivers/src/enet/enet_hw_access.o
                0x01005e90                ENET_ErrorIRQHandler
 *fill*         0x01005ede        0x2 
 .text.ENET_WakeIRQHandler
                0x01005ee0       0x56 ./SDK/platform/drivers/src/enet/enet_hw_access.o
                0x01005ee0                ENET_WakeIRQHandler
 *fill*         0x01005f36        0x2 
 .text.ENET_TimerIRQHandler
                0x01005f38       0x4c ./SDK/platform/drivers/src/enet/enet_hw_access.o
                0x01005f38                ENET_TimerIRQHandler
 .text.ENET_ParserIRQHandler
                0x01005f84       0x4e ./SDK/platform/drivers/src/enet/enet_hw_access.o
                0x01005f84                ENET_ParserIRQHandler
 *fill*         0x01005fd2        0x2 
 .text.ENET0_Tx_IRQHandler
                0x01005fd4       0x16 ./SDK/platform/drivers/src/enet/enet_irq.o
                0x01005fd4                ENET0_Tx_IRQHandler
 *fill*         0x01005fea        0x2 
 .text.ENET0_Rx_IRQHandler
                0x01005fec       0x16 ./SDK/platform/drivers/src/enet/enet_irq.o
                0x01005fec                ENET0_Rx_IRQHandler
 *fill*         0x01006002        0x2 
 .text.ENET0_Err_IRQHandler
                0x01006004       0x22 ./SDK/platform/drivers/src/enet/enet_irq.o
                0x01006004                ENET0_Err_IRQHandler
 *fill*         0x01006026        0x2 
 .text.ENET0_Timer_IRQHandler
                0x01006028       0x16 ./SDK/platform/drivers/src/enet/enet_irq.o
                0x01006028                ENET0_Timer_IRQHandler
 *fill*         0x0100603e        0x2 
 .text.ENET0_Tx_1_IRQHandler
                0x01006040       0x16 ./SDK/platform/drivers/src/enet/enet_irq.o
                0x01006040                ENET0_Tx_1_IRQHandler
 *fill*         0x01006056        0x2 
 .text.ENET0_Rx_1_IRQHandler
                0x01006058       0x16 ./SDK/platform/drivers/src/enet/enet_irq.o
                0x01006058                ENET0_Rx_1_IRQHandler
 *fill*         0x0100606e        0x2 
 .text.ENET0_Tx_2_IRQHandler
                0x01006070       0x16 ./SDK/platform/drivers/src/enet/enet_irq.o
                0x01006070                ENET0_Tx_2_IRQHandler
 *fill*         0x01006086        0x2 
 .text.ENET0_Rx_2_IRQHandler
                0x01006088       0x16 ./SDK/platform/drivers/src/enet/enet_irq.o
                0x01006088                ENET0_Rx_2_IRQHandler
 *fill*         0x0100609e        0x2 
 .text.ENET0_Parser_IRQHandler
                0x010060a0       0x16 ./SDK/platform/drivers/src/enet/enet_irq.o
                0x010060a0                ENET0_Parser_IRQHandler
 *fill*         0x010060b6        0x2 
 .text.ENET1_Tx_IRQHandler
                0x010060b8       0x16 ./SDK/platform/drivers/src/enet/enet_irq.o
                0x010060b8                ENET1_Tx_IRQHandler
 *fill*         0x010060ce        0x2 
 .text.ENET1_Rx_IRQHandler
                0x010060d0       0x16 ./SDK/platform/drivers/src/enet/enet_irq.o
                0x010060d0                ENET1_Rx_IRQHandler
 *fill*         0x010060e6        0x2 
 .text.ENET1_Err_IRQHandler
                0x010060e8       0x22 ./SDK/platform/drivers/src/enet/enet_irq.o
                0x010060e8                ENET1_Err_IRQHandler
 *fill*         0x0100610a        0x2 
 .text.ENET1_Timer_IRQHandler
                0x0100610c       0x16 ./SDK/platform/drivers/src/enet/enet_irq.o
                0x0100610c                ENET1_Timer_IRQHandler
 *fill*         0x01006122        0x2 
 .text.ENET1_Tx_1_IRQHandler
                0x01006124       0x16 ./SDK/platform/drivers/src/enet/enet_irq.o
                0x01006124                ENET1_Tx_1_IRQHandler
 *fill*         0x0100613a        0x2 
 .text.ENET1_Rx_1_IRQHandler
                0x0100613c       0x16 ./SDK/platform/drivers/src/enet/enet_irq.o
                0x0100613c                ENET1_Rx_1_IRQHandler
 *fill*         0x01006152        0x2 
 .text.ENET1_Tx_2_IRQHandler
                0x01006154       0x16 ./SDK/platform/drivers/src/enet/enet_irq.o
                0x01006154                ENET1_Tx_2_IRQHandler
 *fill*         0x0100616a        0x2 
 .text.ENET1_Rx_2_IRQHandler
                0x0100616c       0x16 ./SDK/platform/drivers/src/enet/enet_irq.o
                0x0100616c                ENET1_Rx_2_IRQHandler
 *fill*         0x01006182        0x2 
 .text.ENET1_Parser_IRQHandler
                0x01006184       0x16 ./SDK/platform/drivers/src/enet/enet_irq.o
                0x01006184                ENET1_Parser_IRQHandler
 *fill*         0x0100619a        0x2 
 .text.INT_SYS_InstallHandler
                0x0100619c       0x62 ./SDK/platform/drivers/src/interrupt/interrupt_manager_MPC57xx.o
                0x0100619c                INT_SYS_InstallHandler
 *fill*         0x010061fe        0x2 
 .text.INT_SYS_EnableIRQ
                0x01006200       0x4c ./SDK/platform/drivers/src/interrupt/interrupt_manager_MPC57xx.o
                0x01006200                INT_SYS_EnableIRQ
 .text.INT_SYS_EnableIRQGlobal
                0x0100624c       0x26 ./SDK/platform/drivers/src/interrupt/interrupt_manager_MPC57xx.o
                0x0100624c                INT_SYS_EnableIRQGlobal
 *fill*         0x01006272        0x2 
 .text.INT_SYS_DisableIRQGlobal
                0x01006274       0x10 ./SDK/platform/drivers/src/interrupt/interrupt_manager_MPC57xx.o
                0x01006274                INT_SYS_DisableIRQGlobal
 .text.LINFLEXD_UART_DRV_StartReceiveUsingInterrupts
                0x01006284       0x9a ./SDK/platform/drivers/src/linflexd/linflexd_uart_driver.o
 *fill*         0x0100631e        0x2 
 .text.LINFLEXD_UART_DRV_PutData
                0x01006320       0x84 ./SDK/platform/drivers/src/linflexd/linflexd_uart_driver.o
 .text.LINFLEXD_UART_DRV_StartSendUsingInterrupts
                0x010063a4       0x7c ./SDK/platform/drivers/src/linflexd/linflexd_uart_driver.o
 .text.LINFLEXD_UART_DRV_StartSendUsingDma
                0x01006420      0x108 ./SDK/platform/drivers/src/linflexd/linflexd_uart_driver.o
 .text.LINFLEXD_UART_DRV_StartReceiveUsingDma
                0x01006528      0x138 ./SDK/platform/drivers/src/linflexd/linflexd_uart_driver.o
 .text.LINFLEXD_UART_DRV_CompleteSendUsingInterrupts
                0x01006660       0x5e ./SDK/platform/drivers/src/linflexd/linflexd_uart_driver.o
 *fill*         0x010066be        0x2 
 .text.LINFLEXD_UART_DRV_CompleteReceiveUsingInterrupts
                0x010066c0       0x68 ./SDK/platform/drivers/src/linflexd/linflexd_uart_driver.o
 .text.LINFLEXD_UART_DRV_CompleteSendUsingDma
                0x01006728       0xf2 ./SDK/platform/drivers/src/linflexd/linflexd_uart_driver.o
 *fill*         0x0100681a        0x2 
 .text.LINFLEXD_UART_DRV_CompleteReceiveUsingDma
                0x0100681c      0x112 ./SDK/platform/drivers/src/linflexd/linflexd_uart_driver.o
 *fill*         0x0100692e        0x2 
 .text.LINFLEXD_UART_DRV_SetBaudRate
                0x01006930      0x114 ./SDK/platform/drivers/src/linflexd/linflexd_uart_driver.o
                0x01006930                LINFLEXD_UART_DRV_SetBaudRate
 .text.LINFLEXD_UART_DRV_InstallRxCallback
                0x01006a44       0x22 ./SDK/platform/drivers/src/linflexd/linflexd_uart_driver.o
                0x01006a44                LINFLEXD_UART_DRV_InstallRxCallback
 *fill*         0x01006a66        0x2 
 .text.LINFLEXD_UART_DRV_InstallTxCallback
                0x01006a68       0x22 ./SDK/platform/drivers/src/linflexd/linflexd_uart_driver.o
                0x01006a68                LINFLEXD_UART_DRV_InstallTxCallback
 *fill*         0x01006a8a        0x2 
 .text.LINFLEXD_UART_DRV_Init
                0x01006a8c      0x2ce ./SDK/platform/drivers/src/linflexd/linflexd_uart_driver.o
                0x01006a8c                LINFLEXD_UART_DRV_Init
 *fill*         0x01006d5a        0x2 
 .text.LINFLEXD_UART_DRV_SendDataBlocking
                0x01006d5c       0xb4 ./SDK/platform/drivers/src/linflexd/linflexd_uart_driver.o
                0x01006d5c                LINFLEXD_UART_DRV_SendDataBlocking
 .text.LINFLEXD_UART_DRV_ReceiveData
                0x01006e10       0x6c ./SDK/platform/drivers/src/linflexd/linflexd_uart_driver.o
                0x01006e10                LINFLEXD_UART_DRV_ReceiveData
 .text.LINFLEXD_UART_DRV_GetReceiveStatus
                0x01006e7c       0x6a ./SDK/platform/drivers/src/linflexd/linflexd_uart_driver.o
                0x01006e7c                LINFLEXD_UART_DRV_GetReceiveStatus
 *fill*         0x01006ee6        0x2 
 .text.LINFLEXD_UART_DRV_RxIRQHandler
                0x01006ee8       0xde ./SDK/platform/drivers/src/linflexd/linflexd_uart_driver.o
                0x01006ee8                LINFLEXD_UART_DRV_RxIRQHandler
 *fill*         0x01006fc6        0x2 
 .text.LINFLEXD_UART_DRV_TxIRQHandler
                0x01006fc8       0x92 ./SDK/platform/drivers/src/linflexd/linflexd_uart_driver.o
                0x01006fc8                LINFLEXD_UART_DRV_TxIRQHandler
 *fill*         0x0100705a        0x2 
 .text.LINFLEXD_UART_DRV_ErrIRQHandler
                0x0100705c       0x8e ./SDK/platform/drivers/src/linflexd/linflexd_uart_driver.o
                0x0100705c                LINFLEXD_UART_DRV_ErrIRQHandler
 *fill*         0x010070ea        0x2 
 .text.LINFLEXD0_UART_RxIRQHandler
                0x010070ec       0x16 ./SDK/platform/drivers/src/linflexd/linflexd_uart_irq.o
                0x010070ec                LINFLEXD0_UART_RxIRQHandler
 *fill*         0x01007102        0x2 
 .text.LINFLEXD1_UART_RxIRQHandler
                0x01007104       0x16 ./SDK/platform/drivers/src/linflexd/linflexd_uart_irq.o
                0x01007104                LINFLEXD1_UART_RxIRQHandler
 *fill*         0x0100711a        0x2 
 .text.LINFLEXD2_UART_RxIRQHandler
                0x0100711c       0x16 ./SDK/platform/drivers/src/linflexd/linflexd_uart_irq.o
                0x0100711c                LINFLEXD2_UART_RxIRQHandler
 *fill*         0x01007132        0x2 
 .text.LINFLEXD3_UART_RxIRQHandler
                0x01007134       0x16 ./SDK/platform/drivers/src/linflexd/linflexd_uart_irq.o
                0x01007134                LINFLEXD3_UART_RxIRQHandler
 *fill*         0x0100714a        0x2 
 .text.LINFLEXD4_UART_RxIRQHandler
                0x0100714c       0x16 ./SDK/platform/drivers/src/linflexd/linflexd_uart_irq.o
                0x0100714c                LINFLEXD4_UART_RxIRQHandler
 *fill*         0x01007162        0x2 
 .text.LINFLEXD5_UART_RxIRQHandler
                0x01007164       0x16 ./SDK/platform/drivers/src/linflexd/linflexd_uart_irq.o
                0x01007164                LINFLEXD5_UART_RxIRQHandler
 *fill*         0x0100717a        0x2 
 .text.LINFLEXD6_UART_RxIRQHandler
                0x0100717c       0x16 ./SDK/platform/drivers/src/linflexd/linflexd_uart_irq.o
                0x0100717c                LINFLEXD6_UART_RxIRQHandler
 *fill*         0x01007192        0x2 
 .text.LINFLEXD7_UART_RxIRQHandler
                0x01007194       0x16 ./SDK/platform/drivers/src/linflexd/linflexd_uart_irq.o
                0x01007194                LINFLEXD7_UART_RxIRQHandler
 *fill*         0x010071aa        0x2 
 .text.LINFLEXD8_UART_RxIRQHandler
                0x010071ac       0x16 ./SDK/platform/drivers/src/linflexd/linflexd_uart_irq.o
                0x010071ac                LINFLEXD8_UART_RxIRQHandler
 *fill*         0x010071c2        0x2 
 .text.LINFLEXD9_UART_RxIRQHandler
                0x010071c4       0x16 ./SDK/platform/drivers/src/linflexd/linflexd_uart_irq.o
                0x010071c4                LINFLEXD9_UART_RxIRQHandler
 *fill*         0x010071da        0x2 
 .text.LINFLEXD10_UART_RxIRQHandler
                0x010071dc       0x16 ./SDK/platform/drivers/src/linflexd/linflexd_uart_irq.o
                0x010071dc                LINFLEXD10_UART_RxIRQHandler
 *fill*         0x010071f2        0x2 
 .text.LINFLEXD11_UART_RxIRQHandler
                0x010071f4       0x16 ./SDK/platform/drivers/src/linflexd/linflexd_uart_irq.o
                0x010071f4                LINFLEXD11_UART_RxIRQHandler
 *fill*         0x0100720a        0x2 
 .text.LINFLEXD12_UART_RxIRQHandler
                0x0100720c       0x16 ./SDK/platform/drivers/src/linflexd/linflexd_uart_irq.o
                0x0100720c                LINFLEXD12_UART_RxIRQHandler
 *fill*         0x01007222        0x2 
 .text.LINFLEXD13_UART_RxIRQHandler
                0x01007224       0x16 ./SDK/platform/drivers/src/linflexd/linflexd_uart_irq.o
                0x01007224                LINFLEXD13_UART_RxIRQHandler
 *fill*         0x0100723a        0x2 
 .text.LINFLEXD14_UART_RxIRQHandler
                0x0100723c       0x16 ./SDK/platform/drivers/src/linflexd/linflexd_uart_irq.o
                0x0100723c                LINFLEXD14_UART_RxIRQHandler
 *fill*         0x01007252        0x2 
 .text.LINFLEXD15_UART_RxIRQHandler
                0x01007254       0x16 ./SDK/platform/drivers/src/linflexd/linflexd_uart_irq.o
                0x01007254                LINFLEXD15_UART_RxIRQHandler
 *fill*         0x0100726a        0x2 
 .text.LINFLEXD16_UART_RxIRQHandler
                0x0100726c       0x16 ./SDK/platform/drivers/src/linflexd/linflexd_uart_irq.o
                0x0100726c                LINFLEXD16_UART_RxIRQHandler
 *fill*         0x01007282        0x2 
 .text.LINFLEXD17_UART_RxIRQHandler
                0x01007284       0x16 ./SDK/platform/drivers/src/linflexd/linflexd_uart_irq.o
                0x01007284                LINFLEXD17_UART_RxIRQHandler
 *fill*         0x0100729a        0x2 
 .text.LINFLEXD0_UART_TxIRQHandler
                0x0100729c       0x16 ./SDK/platform/drivers/src/linflexd/linflexd_uart_irq.o
                0x0100729c                LINFLEXD0_UART_TxIRQHandler
 *fill*         0x010072b2        0x2 
 .text.LINFLEXD1_UART_TxIRQHandler
                0x010072b4       0x16 ./SDK/platform/drivers/src/linflexd/linflexd_uart_irq.o
                0x010072b4                LINFLEXD1_UART_TxIRQHandler
 *fill*         0x010072ca        0x2 
 .text.LINFLEXD2_UART_TxIRQHandler
                0x010072cc       0x16 ./SDK/platform/drivers/src/linflexd/linflexd_uart_irq.o
                0x010072cc                LINFLEXD2_UART_TxIRQHandler
 *fill*         0x010072e2        0x2 
 .text.LINFLEXD3_UART_TxIRQHandler
                0x010072e4       0x16 ./SDK/platform/drivers/src/linflexd/linflexd_uart_irq.o
                0x010072e4                LINFLEXD3_UART_TxIRQHandler
 *fill*         0x010072fa        0x2 
 .text.LINFLEXD4_UART_TxIRQHandler
                0x010072fc       0x16 ./SDK/platform/drivers/src/linflexd/linflexd_uart_irq.o
                0x010072fc                LINFLEXD4_UART_TxIRQHandler
 *fill*         0x01007312        0x2 
 .text.LINFLEXD5_UART_TxIRQHandler
                0x01007314       0x16 ./SDK/platform/drivers/src/linflexd/linflexd_uart_irq.o
                0x01007314                LINFLEXD5_UART_TxIRQHandler
 *fill*         0x0100732a        0x2 
 .text.LINFLEXD6_UART_TxIRQHandler
                0x0100732c       0x16 ./SDK/platform/drivers/src/linflexd/linflexd_uart_irq.o
                0x0100732c                LINFLEXD6_UART_TxIRQHandler
 *fill*         0x01007342        0x2 
 .text.LINFLEXD7_UART_TxIRQHandler
                0x01007344       0x16 ./SDK/platform/drivers/src/linflexd/linflexd_uart_irq.o
                0x01007344                LINFLEXD7_UART_TxIRQHandler
 *fill*         0x0100735a        0x2 
 .text.LINFLEXD8_UART_TxIRQHandler
                0x0100735c       0x16 ./SDK/platform/drivers/src/linflexd/linflexd_uart_irq.o
                0x0100735c                LINFLEXD8_UART_TxIRQHandler
 *fill*         0x01007372        0x2 
 .text.LINFLEXD9_UART_TxIRQHandler
                0x01007374       0x16 ./SDK/platform/drivers/src/linflexd/linflexd_uart_irq.o
                0x01007374                LINFLEXD9_UART_TxIRQHandler
 *fill*         0x0100738a        0x2 
 .text.LINFLEXD10_UART_TxIRQHandler
                0x0100738c       0x16 ./SDK/platform/drivers/src/linflexd/linflexd_uart_irq.o
                0x0100738c                LINFLEXD10_UART_TxIRQHandler
 *fill*         0x010073a2        0x2 
 .text.LINFLEXD11_UART_TxIRQHandler
                0x010073a4       0x16 ./SDK/platform/drivers/src/linflexd/linflexd_uart_irq.o
                0x010073a4                LINFLEXD11_UART_TxIRQHandler
 *fill*         0x010073ba        0x2 
 .text.LINFLEXD12_UART_TxIRQHandler
                0x010073bc       0x16 ./SDK/platform/drivers/src/linflexd/linflexd_uart_irq.o
                0x010073bc                LINFLEXD12_UART_TxIRQHandler
 *fill*         0x010073d2        0x2 
 .text.LINFLEXD13_UART_TxIRQHandler
                0x010073d4       0x16 ./SDK/platform/drivers/src/linflexd/linflexd_uart_irq.o
                0x010073d4                LINFLEXD13_UART_TxIRQHandler
 *fill*         0x010073ea        0x2 
 .text.LINFLEXD14_UART_TxIRQHandler
                0x010073ec       0x16 ./SDK/platform/drivers/src/linflexd/linflexd_uart_irq.o
                0x010073ec                LINFLEXD14_UART_TxIRQHandler
 *fill*         0x01007402        0x2 
 .text.LINFLEXD15_UART_TxIRQHandler
                0x01007404       0x16 ./SDK/platform/drivers/src/linflexd/linflexd_uart_irq.o
                0x01007404                LINFLEXD15_UART_TxIRQHandler
 *fill*         0x0100741a        0x2 
 .text.LINFLEXD16_UART_TxIRQHandler
                0x0100741c       0x16 ./SDK/platform/drivers/src/linflexd/linflexd_uart_irq.o
                0x0100741c                LINFLEXD16_UART_TxIRQHandler
 *fill*         0x01007432        0x2 
 .text.LINFLEXD17_UART_TxIRQHandler
                0x01007434       0x16 ./SDK/platform/drivers/src/linflexd/linflexd_uart_irq.o
                0x01007434                LINFLEXD17_UART_TxIRQHandler
 *fill*         0x0100744a        0x2 
 .text.LINFLEXD0_UART_ErrIRQHandler
                0x0100744c       0x16 ./SDK/platform/drivers/src/linflexd/linflexd_uart_irq.o
                0x0100744c                LINFLEXD0_UART_ErrIRQHandler
 *fill*         0x01007462        0x2 
 .text.LINFLEXD1_UART_ErrIRQHandler
                0x01007464       0x16 ./SDK/platform/drivers/src/linflexd/linflexd_uart_irq.o
                0x01007464                LINFLEXD1_UART_ErrIRQHandler
 *fill*         0x0100747a        0x2 
 .text.LINFLEXD2_UART_ErrIRQHandler
                0x0100747c       0x16 ./SDK/platform/drivers/src/linflexd/linflexd_uart_irq.o
                0x0100747c                LINFLEXD2_UART_ErrIRQHandler
 *fill*         0x01007492        0x2 
 .text.LINFLEXD3_UART_ErrIRQHandler
                0x01007494       0x16 ./SDK/platform/drivers/src/linflexd/linflexd_uart_irq.o
                0x01007494                LINFLEXD3_UART_ErrIRQHandler
 *fill*         0x010074aa        0x2 
 .text.LINFLEXD4_UART_ErrIRQHandler
                0x010074ac       0x16 ./SDK/platform/drivers/src/linflexd/linflexd_uart_irq.o
                0x010074ac                LINFLEXD4_UART_ErrIRQHandler
 *fill*         0x010074c2        0x2 
 .text.LINFLEXD5_UART_ErrIRQHandler
                0x010074c4       0x16 ./SDK/platform/drivers/src/linflexd/linflexd_uart_irq.o
                0x010074c4                LINFLEXD5_UART_ErrIRQHandler
 *fill*         0x010074da        0x2 
 .text.LINFLEXD6_UART_ErrIRQHandler
                0x010074dc       0x16 ./SDK/platform/drivers/src/linflexd/linflexd_uart_irq.o
                0x010074dc                LINFLEXD6_UART_ErrIRQHandler
 *fill*         0x010074f2        0x2 
 .text.LINFLEXD7_UART_ErrIRQHandler
                0x010074f4       0x16 ./SDK/platform/drivers/src/linflexd/linflexd_uart_irq.o
                0x010074f4                LINFLEXD7_UART_ErrIRQHandler
 *fill*         0x0100750a        0x2 
 .text.LINFLEXD8_UART_ErrIRQHandler
                0x0100750c       0x16 ./SDK/platform/drivers/src/linflexd/linflexd_uart_irq.o
                0x0100750c                LINFLEXD8_UART_ErrIRQHandler
 *fill*         0x01007522        0x2 
 .text.LINFLEXD9_UART_ErrIRQHandler
                0x01007524       0x16 ./SDK/platform/drivers/src/linflexd/linflexd_uart_irq.o
                0x01007524                LINFLEXD9_UART_ErrIRQHandler
 *fill*         0x0100753a        0x2 
 .text.LINFLEXD10_UART_ErrIRQHandler
                0x0100753c       0x16 ./SDK/platform/drivers/src/linflexd/linflexd_uart_irq.o
                0x0100753c                LINFLEXD10_UART_ErrIRQHandler
 *fill*         0x01007552        0x2 
 .text.LINFLEXD11_UART_ErrIRQHandler
                0x01007554       0x16 ./SDK/platform/drivers/src/linflexd/linflexd_uart_irq.o
                0x01007554                LINFLEXD11_UART_ErrIRQHandler
 *fill*         0x0100756a        0x2 
 .text.LINFLEXD12_UART_ErrIRQHandler
                0x0100756c       0x16 ./SDK/platform/drivers/src/linflexd/linflexd_uart_irq.o
                0x0100756c                LINFLEXD12_UART_ErrIRQHandler
 *fill*         0x01007582        0x2 
 .text.LINFLEXD13_UART_ErrIRQHandler
                0x01007584       0x16 ./SDK/platform/drivers/src/linflexd/linflexd_uart_irq.o
                0x01007584                LINFLEXD13_UART_ErrIRQHandler
 *fill*         0x0100759a        0x2 
 .text.LINFLEXD14_UART_ErrIRQHandler
                0x0100759c       0x16 ./SDK/platform/drivers/src/linflexd/linflexd_uart_irq.o
                0x0100759c                LINFLEXD14_UART_ErrIRQHandler
 *fill*         0x010075b2        0x2 
 .text.LINFLEXD15_UART_ErrIRQHandler
                0x010075b4       0x16 ./SDK/platform/drivers/src/linflexd/linflexd_uart_irq.o
                0x010075b4                LINFLEXD15_UART_ErrIRQHandler
 *fill*         0x010075ca        0x2 
 .text.LINFLEXD16_UART_ErrIRQHandler
                0x010075cc       0x16 ./SDK/platform/drivers/src/linflexd/linflexd_uart_irq.o
                0x010075cc                LINFLEXD16_UART_ErrIRQHandler
 *fill*         0x010075e2        0x2 
 .text.LINFLEXD17_UART_ErrIRQHandler
                0x010075e4       0x16 ./SDK/platform/drivers/src/linflexd/linflexd_uart_irq.o
                0x010075e4                LINFLEXD17_UART_ErrIRQHandler
 *fill*         0x010075fa        0x2 
 .text.PINS_DRV_Init
                0x010075fc       0x38 ./SDK/platform/drivers/src/pins/siul2/pins_siul2_driver.o
                0x010075fc                PINS_DRV_Init
 .text.PINS_DRV_TogglePins
                0x01007634       0x5a ./SDK/platform/drivers/src/pins/siul2/pins_siul2_driver.o
                0x01007634                PINS_DRV_TogglePins
 *fill*         0x0100768e        0x2 
 .text.PINS_Init
                0x01007690      0x1ac ./SDK/platform/drivers/src/pins/siul2/siul2_hw_access.o
                0x01007690                PINS_Init
 .text.UART_Init
                0x0100783c      0x194 ./SDK/platform/pal/src/uart/uart_pal.o
                0x0100783c                UART_Init
 .text.UART_SendDataBlocking
                0x010079d0       0x64 ./SDK/platform/pal/src/uart/uart_pal.o
                0x010079d0                UART_SendDataBlocking
 .text.UART_ReceiveData
                0x01007a34       0x4a ./SDK/platform/pal/src/uart/uart_pal.o
                0x01007a34                UART_ReceiveData
 *fill*         0x01007a7e        0x2 
 .text.UART_GetReceiveStatus
                0x01007a80       0x4a ./SDK/platform/pal/src/uart/uart_pal.o
                0x01007a80                UART_GetReceiveStatus
 *fill*         0x01007aca        0x2 
 .text.OSIF_PIT_IRQHandler
                0x01007acc       0x22 ./SDK/rtos/osif/osif_baremetal.o
                0x01007acc                OSIF_PIT_IRQHandler
 *fill*         0x01007aee        0x2 
 .text.OSIF_SemaWait
                0x01007af0      0x154 ./SDK/rtos/osif/osif_baremetal.o
                0x01007af0                OSIF_SemaWait
 .text.OSIF_SemaPost
                0x01007c44       0x54 ./SDK/rtos/osif/osif_baremetal.o
                0x01007c44                OSIF_SemaPost
 .text.OSIF_SemaCreate
                0x01007c98       0x42 ./SDK/rtos/osif/osif_baremetal.o
                0x01007c98                OSIF_SemaCreate
 *fill*         0x01007cda        0x2 
 .text.copy_buff
                0x01007cdc       0x24 ./Sources/main.o
                0x01007cdc                copy_buff
 .text.build_ping_reply
                0x01007d00       0x78 ./Sources/main.o
                0x01007d00                build_ping_reply
 .text.rx_callback
                0x01007d78       0x72 ./Sources/main.o
                0x01007d78                rx_callback
 *fill*         0x01007dea        0x2 
 .text.rxNewLine
                0x01007dec       0xce ./Sources/main.o
                0x01007dec                rxNewLine
 *fill*         0x01007eba        0x2 
 .text.main     0x01007ebc      0x632 ./Sources/main.o
                0x01007ebc                main
 *fill*         0x010084ee        0x2 
 .text.printk_putc
                0x010084f0       0x44 ./Sources/mpc_print.o
 .text.printk_mknumstr
                0x01008534       0x92 ./Sources/mpc_print.o
 *fill*         0x010085c6        0x2 
 .text.printk_pad_space
                0x010085c8       0x38 ./Sources/mpc_print.o
 .text.out_char
                0x01008600       0x36 ./Sources/mpc_print.o
                0x01008600                out_char
 *fill*         0x01008636        0x2 
 .text.printk   0x01008638      0x600 ./Sources/mpc_print.o
                0x01008638                printk
 .text.printf   0x01008c38       0x58 ./Sources/mpc_print.o
                0x01008c38                printf
 .text.strlen   0x01008c90       0x12 C:/NXP/S32DS_Power_v2.1/S32DS/build_tools/e200_ewl2/lib/e200z4/fp\libc99.a(strlen.o)
                0x01008c90                strlen
 *(.init)
 *fill*         0x01008ca2        0x2 
 .init          0x01008ca4        0xc c:/nxp/s32ds_power_v2.1/s32ds/build_tools/powerpc-eabivle-4_9/bin/../lib/gcc/powerpc-eabivle/4.9.4/e200z4/fp/ecrti.o
                0x01008ca4                __init
 .init          0x01008cb0        0x4 c:/nxp/s32ds_power_v2.1/s32ds/build_tools/powerpc-eabivle-4_9/bin/../lib/gcc/powerpc-eabivle/4.9.4/e200z4/fp/crtbegin.o
 .init          0x01008cb4        0x4 c:/nxp/s32ds_power_v2.1/s32ds/build_tools/powerpc-eabivle-4_9/bin/../lib/gcc/powerpc-eabivle/4.9.4/e200z4/fp/crtend.o
 .init          0x01008cb8        0xa c:/nxp/s32ds_power_v2.1/s32ds/build_tools/powerpc-eabivle-4_9/bin/../lib/gcc/powerpc-eabivle/4.9.4/e200z4/fp/ecrtn.o
 *(.fini)
 *fill*         0x01008cc2        0x2 
 .fini          0x01008cc4        0xc c:/nxp/s32ds_power_v2.1/s32ds/build_tools/powerpc-eabivle-4_9/bin/../lib/gcc/powerpc-eabivle/4.9.4/e200z4/fp/ecrti.o
                0x01008cc4                __fini
 .fini          0x01008cd0        0x4 c:/nxp/s32ds_power_v2.1/s32ds/build_tools/powerpc-eabivle-4_9/bin/../lib/gcc/powerpc-eabivle/4.9.4/e200z4/fp/crtbegin.o
 .fini          0x01008cd4        0xa c:/nxp/s32ds_power_v2.1/s32ds/build_tools/powerpc-eabivle-4_9/bin/../lib/gcc/powerpc-eabivle/4.9.4/e200z4/fp/ecrtn.o
                0x01008ce0                . = ALIGN (0x10)
 *fill*         0x01008cde        0x2 

.glink          0x01008ce0        0x0
 .glink         0x01008ce0        0x0 c:/nxp/s32ds_power_v2.1/s32ds/build_tools/powerpc-eabivle-4_9/bin/../lib/gcc/powerpc-eabivle/4.9.4/e200z4/fp/crtbegin.o

.sdata2         0x01008ce0       0x68
                0x01008ce0                . = ALIGN (0x4)
                0x01008ce0                __sdata2_start__ = .
 *(.sdata2)
 .sdata2        0x01008ce0        0x0 c:/nxp/s32ds_power_v2.1/s32ds/build_tools/powerpc-eabivle-4_9/bin/../lib/gcc/powerpc-eabivle/4.9.4/e200z4/fp/ecrti.o
                0x01008ce0                __SDATA2_START__
 .sdata2        0x01008ce0        0x0 c:/nxp/s32ds_power_v2.1/s32ds/build_tools/powerpc-eabivle-4_9/bin/../lib/gcc/powerpc-eabivle/4.9.4/e200z4/fp/crtbegin.o
                0x01010ce0                _SDA2_BASE_
 *(.sdata2.*)
 .sdata2.uart_pal1_instance
                0x01008ce0        0x8 ./Generated_Code/uart_pal1.o
                0x01008ce0                uart_pal1_instance
 .sdata2.uart_pal2_instance
                0x01008ce8        0x8 ./Generated_Code/uart_pal2.o
                0x01008ce8                uart_pal2_instance
 .sdata2.s_enetRx2IrqId
                0x01008cf0        0x8 ./SDK/platform/drivers/src/enet/enet_driver.o
 .sdata2.s_enetErrIrqId
                0x01008cf8        0x8 ./SDK/platform/drivers/src/enet/enet_driver.o
 .sdata2.s_enetTx2IrqId
                0x01008d00        0x8 ./SDK/platform/drivers/src/enet/enet_driver.o
 .sdata2.s_enetParserIrqId
                0x01008d08        0x8 ./SDK/platform/drivers/src/enet/enet_driver.o
 .sdata2.s_enetTxIrqId
                0x01008d10        0x8 ./SDK/platform/drivers/src/enet/enet_driver.o
 .sdata2.s_enetTx1IrqId
                0x01008d18        0x8 ./SDK/platform/drivers/src/enet/enet_driver.o
 .sdata2.s_enetRx1IrqId
                0x01008d20        0x8 ./SDK/platform/drivers/src/enet/enet_driver.o
 .sdata2.s_enetBases
                0x01008d28        0x8 ./SDK/platform/drivers/src/enet/enet_driver.o
 .sdata2.s_enetRxIrqId
                0x01008d30        0x8 ./SDK/platform/drivers/src/enet/enet_driver.o
 .sdata2.s_enetTimerIrqId
                0x01008d38        0x8 ./SDK/platform/drivers/src/enet/enet_driver.o
 .sdata2.s_enetBases
                0x01008d40        0x8 ./SDK/platform/drivers/src/enet/enet_hw_access.o
                0x01008d48                . = ALIGN (0x4)
                0x01008d48                __sdata2_end__ = .

.got2           0x01008d48       0x1c
 *(.got2*)
 .got2          0x01008d48       0x1c c:/nxp/s32ds_power_v2.1/s32ds/build_tools/powerpc-eabivle-4_9/bin/../lib/gcc/powerpc-eabivle/4.9.4/e200z4/fp\libgcc.a(eabivle.o)

.preinit_array  0x01008d64        0x0
                [!provide]                PROVIDE (__preinit_array_start, .)
 *(.preinit_array)
                [!provide]                PROVIDE (__preinit_array_end, .)

.init_array     0x01008d64        0x0
                [!provide]                PROVIDE (__init_array_start, .)
 *(SORT(.init_array.*))
 *(.init_array)
                [!provide]                PROVIDE (__init_array_end, .)

.dtors          0x01008d64        0x8
 *crtbegin.o(.dtors)
 .dtors         0x01008d64        0x4 c:/nxp/s32ds_power_v2.1/s32ds/build_tools/powerpc-eabivle-4_9/bin/../lib/gcc/powerpc-eabivle/4.9.4/e200z4/fp/crtbegin.o
 *crtbegin?.o(.dtors)
 *(EXCLUDE_FILE(*crtend?.o *crtend.o) .dtors)
 .dtors         0x01008d68        0x0 c:/nxp/s32ds_power_v2.1/s32ds/build_tools/powerpc-eabivle-4_9/bin/../lib/gcc/powerpc-eabivle/4.9.4/e200z4/fp/ecrti.o
                0x01008d68                __DTOR_LIST__
 .dtors         0x01008d68        0x0 c:/nxp/s32ds_power_v2.1/s32ds/build_tools/powerpc-eabivle-4_9/bin/../lib/gcc/powerpc-eabivle/4.9.4/e200z4/fp/ecrtn.o
 *(SORT(.dtors.*))
 *(.dtors)
 .dtors         0x01008d68        0x4 c:/nxp/s32ds_power_v2.1/s32ds/build_tools/powerpc-eabivle-4_9/bin/../lib/gcc/powerpc-eabivle/4.9.4/e200z4/fp/crtend.o
                0x01008d68                __DTOR_END__

.ctors          0x01008d6c        0x8
 *crtbegin.o(.ctors)
 .ctors         0x01008d6c        0x4 c:/nxp/s32ds_power_v2.1/s32ds/build_tools/powerpc-eabivle-4_9/bin/../lib/gcc/powerpc-eabivle/4.9.4/e200z4/fp/crtbegin.o
 *crtbegin?.o(.ctors)
 *(EXCLUDE_FILE(*crtend?.o *crtend.o) .ctors)
 .ctors         0x01008d70        0x0 c:/nxp/s32ds_power_v2.1/s32ds/build_tools/powerpc-eabivle-4_9/bin/../lib/gcc/powerpc-eabivle/4.9.4/e200z4/fp/ecrti.o
                0x01008d70                __CTOR_LIST__
 .ctors         0x01008d70        0x0 c:/nxp/s32ds_power_v2.1/s32ds/build_tools/powerpc-eabivle-4_9/bin/../lib/gcc/powerpc-eabivle/4.9.4/e200z4/fp/ecrtn.o
                0x01008d70                __CTOR_END__
 *(SORT(.ctors.*))
 *(.ctors)
 .ctors         0x01008d70        0x4 c:/nxp/s32ds_power_v2.1/s32ds/build_tools/powerpc-eabivle-4_9/bin/../lib/gcc/powerpc-eabivle/4.9.4/e200z4/fp/crtend.o

.fini_array     0x01008d74        0x0
                [!provide]                PROVIDE (__fini_array_start, .)
 *(SORT(.fini_array.*))
 *(.fini_array)
                [!provide]                PROVIDE (__fini_array_end, .)

.rodata         0x01008d74     0x10b8
 *(.rodata)
 *(.rodata.*)
 .rodata.ethernet1_buffConfigArr0
                0x01008d74       0x10 ./Generated_Code/ethernet1.o
                0x01008d74                ethernet1_buffConfigArr0
 .rodata.ethernet2_InitConfig0
                0x01008d84       0x24 ./Generated_Code/ethernet2.o
                0x01008d84                ethernet2_InitConfig0
 .rodata.ethernet2_buffConfigArr0
                0x01008da8       0x10 ./Generated_Code/ethernet2.o
                0x01008da8                ethernet2_buffConfigArr0
 .rodata.uart_pal1_Config0
                0x01008db8       0x2c ./Generated_Code/uart_pal1.o
                0x01008db8                uart_pal1_Config0
 .rodata.uart_pal2_Config0
                0x01008de4       0x2c ./Generated_Code/uart_pal2.o
                0x01008de4                uart_pal2_Config0
 .rodata.s_vectors
                0x01008e10        0xc ./SDK/platform/devices/startup.o
 .rodata.CLOCK_DRV_GetFreq
                0x01008e1c       0x6c ./SDK/platform/drivers/src/clock/MPC57xx/clock_MPC57xx.o
 .rodata.CLOCK_DRV_Init
                0x01008e88      0x100 ./SDK/platform/drivers/src/clock/MPC57xx/clock_MPC57xx.o
 .rodata.interfaceClocks
                0x01008f88      0x218 ./SDK/platform/drivers/src/clock/MPC57xx/clock_MPC57xx.o
 .rodata.monitoredClocks
                0x010091a0      0x218 ./SDK/platform/drivers/src/clock/MPC57xx/clock_MPC57xx.o
 .rodata.clockNameMappings
                0x010093b8      0x10c ./SDK/platform/drivers/src/clock/MPC57xx/clock_MPC57xx.o
                0x010093b8                clockNameMappings
 .rodata.EDMA_DRV_ConfigSingleBlockTransfer
                0x010094c4       0x10 ./SDK/platform/drivers/src/edma/edma_driver.o
 .rodata.s_LINFlexDInstHasDma
                0x010094d4       0x12 ./SDK/platform/drivers/src/linflexd/linflexd_uart_driver.o
 *fill*         0x010094e6        0x2 
 .rodata.s_uartLINFlexDRxIntVec
                0x010094e8       0x48 ./SDK/platform/drivers/src/linflexd/linflexd_uart_driver.o
 .rodata.s_uartLINFlexDErrIntVec
                0x01009530       0x48 ./SDK/platform/drivers/src/linflexd/linflexd_uart_driver.o
 .rodata.s_uartLINFlexDTxIntVec
                0x01009578       0x48 ./SDK/platform/drivers/src/linflexd/linflexd_uart_driver.o
 .rodata.s_uartLINFlexDClkNames
                0x010095c0       0x48 ./SDK/platform/drivers/src/linflexd/linflexd_uart_driver.o
 .rodata.s_LINFlexDBase
                0x01009608       0x48 ./SDK/platform/drivers/src/linflexd/linflexd_uart_driver.o
 .rodata.s_LINFlexDInstHasFilters
                0x01009650       0x12 ./SDK/platform/drivers/src/linflexd/linflexd_uart_driver.o
 *fill*         0x01009662        0x2 
 .rodata.g_uartLINFlexDTxIsr
                0x01009664       0x48 ./SDK/platform/drivers/src/linflexd/linflexd_uart_irq.o
                0x01009664                g_uartLINFlexDTxIsr
 .rodata.g_uartLINFlexDErrIsr
                0x010096ac       0x48 ./SDK/platform/drivers/src/linflexd/linflexd_uart_irq.o
                0x010096ac                g_uartLINFlexDErrIsr
 .rodata.g_uartLINFlexDRxIsr
                0x010096f4       0x48 ./SDK/platform/drivers/src/linflexd/linflexd_uart_irq.o
                0x010096f4                g_uartLINFlexDRxIsr
 .rodata.UART_Init
                0x0100973c       0x18 ./SDK/platform/pal/src/uart/uart_pal.o
 .rodata.pitIrqId.5324
                0x01009754       0x44 ./SDK/rtos/osif/osif_baremetal.o
 .rodata.main   0x01009798       0x28 ./Sources/main.o
 .rodata.str1.4
                0x010097c0      0x5a4 ./Sources/main.o
                                0x5a7 (size before relaxing)
 .rodata.printk
                0x01009d64       0xc8 ./Sources/mpc_print.o

.sbss2          0x01009e2c        0x0
 .sbss2         0x01009e2c        0x0 c:/nxp/s32ds_power_v2.1/s32ds/build_tools/powerpc-eabivle-4_9/bin/../lib/gcc/powerpc-eabivle/4.9.4/e200z4/fp/ecrtn.o

.eh_frame_hdr
 *(.eh_frame_hdr)

.eh_frame       0x01009e2c        0x8
 *(.eh_frame)
 .eh_frame      0x01009e2c        0x0 c:/nxp/s32ds_power_v2.1/s32ds/build_tools/powerpc-eabivle-4_9/bin/../lib/gcc/powerpc-eabivle/4.9.4/e200z4/fp/ecrti.o
                0x01009e2c                __EH_FRAME_BEGIN__
 .eh_frame      0x01009e2c        0x0 c:/nxp/s32ds_power_v2.1/s32ds/build_tools/powerpc-eabivle-4_9/bin/../lib/gcc/powerpc-eabivle/4.9.4/e200z4/fp/crtbegin.o
 .eh_frame      0x01009e2c        0x0 c:/nxp/s32ds_power_v2.1/s32ds/build_tools/powerpc-eabivle-4_9/bin/../lib/gcc/powerpc-eabivle/4.9.4/e200z4/fp/crtbegin.o
 .eh_frame      0x01009e2c        0x4 c:/nxp/s32ds_power_v2.1/s32ds/build_tools/powerpc-eabivle-4_9/bin/../lib/gcc/powerpc-eabivle/4.9.4/e200z4/fp/crtend.o
 .eh_frame      0x01009e30        0x4 c:/nxp/s32ds_power_v2.1/s32ds/build_tools/powerpc-eabivle-4_9/bin/../lib/gcc/powerpc-eabivle/4.9.4/e200z4/fp/ecrtn.o
                0x01009e30                __EH_FRAME_END__

.init_table     0x01009e34       0x40
                0x01009e34                . = ALIGN (0x4)
                0x01009e34                __COPY_TABLE = .
 *(.init_table)
 .init_table    0x01009e34       0x40 ./Project_Settings/Startup_Code/startup_MPC5748G.o

.zero_table     0x01009e74       0x14
                0x01009e74                . = ALIGN (0x4)
                0x01009e74                __ZERO_TABLE = .
 *(.zero_table)
 .zero_table    0x01009e74       0x14 ./Project_Settings/Startup_Code/startup_MPC5748G.o

.RAppID_AppKey  0x01009e88        0x4
                0x01009e88                . = ALIGN (0x4)
                0x01009e88                __RAPPID_APP_KEY_ADDR = .
 *(.RAppID_AppKey)
 .RAppID_AppKey
                0x01009e88        0x4 ./Project_Settings/Startup_Code/startup_MPC5748G.o
                0x01009e8c                . = ALIGN (0x4)
                0x01009e8c                __TEXT_END = .

.rela.dyn       0x01009e8c        0x0
 .rela.iplt     0x01009e8c        0x0 c:/nxp/s32ds_power_v2.1/s32ds/build_tools/powerpc-eabivle-4_9/bin/../lib/gcc/powerpc-eabivle/4.9.4/e200z4/fp/crtbegin.o
 .rela.text     0x01009e8c        0x0 c:/nxp/s32ds_power_v2.1/s32ds/build_tools/powerpc-eabivle-4_9/bin/../lib/gcc/powerpc-eabivle/4.9.4/e200z4/fp/crtbegin.o
 .rela.data.ethernet1_InitConfig0
                0x01009e8c        0x0 c:/nxp/s32ds_power_v2.1/s32ds/build_tools/powerpc-eabivle-4_9/bin/../lib/gcc/powerpc-eabivle/4.9.4/e200z4/fp/crtbegin.o
 .rela.RAppID_AppKeyAddr
                0x01009e8c        0x0 c:/nxp/s32ds_power_v2.1/s32ds/build_tools/powerpc-eabivle-4_9/bin/../lib/gcc/powerpc-eabivle/4.9.4/e200z4/fp/crtbegin.o
 .rela.init_table
                0x01009e8c        0x0 c:/nxp/s32ds_power_v2.1/s32ds/build_tools/powerpc-eabivle-4_9/bin/../lib/gcc/powerpc-eabivle/4.9.4/e200z4/fp/crtbegin.o
 .rela.zero_table
                0x01009e8c        0x0 c:/nxp/s32ds_power_v2.1/s32ds/build_tools/powerpc-eabivle-4_9/bin/../lib/gcc/powerpc-eabivle/4.9.4/e200z4/fp/crtbegin.o
 .rela.cpu0_reset_vector
                0x01009e8c        0x0 c:/nxp/s32ds_power_v2.1/s32ds/build_tools/powerpc-eabivle-4_9/bin/../lib/gcc/powerpc-eabivle/4.9.4/e200z4/fp/crtbegin.o
 .rela.intc_vector_table
                0x01009e8c        0x0 c:/nxp/s32ds_power_v2.1/s32ds/build_tools/powerpc-eabivle-4_9/bin/../lib/gcc/powerpc-eabivle/4.9.4/e200z4/fp/crtbegin.o
 .rela.text.init_data_bss
                0x01009e8c        0x0 c:/nxp/s32ds_power_v2.1/s32ds/build_tools/powerpc-eabivle-4_9/bin/../lib/gcc/powerpc-eabivle/4.9.4/e200z4/fp/crtbegin.o
 .rela.text.INT_SYS_InstallHandler
                0x01009e8c        0x0 c:/nxp/s32ds_power_v2.1/s32ds/build_tools/powerpc-eabivle-4_9/bin/../lib/gcc/powerpc-eabivle/4.9.4/e200z4/fp/crtbegin.o
 .rela.text.LINFLEXD_UART_DRV_Init
                0x01009e8c        0x0 c:/nxp/s32ds_power_v2.1/s32ds/build_tools/powerpc-eabivle-4_9/bin/../lib/gcc/powerpc-eabivle/4.9.4/e200z4/fp/crtbegin.o
 .rela.text.LINFLEXD_UART_DRV_Deinit
                0x01009e8c        0x0 c:/nxp/s32ds_power_v2.1/s32ds/build_tools/powerpc-eabivle-4_9/bin/../lib/gcc/powerpc-eabivle/4.9.4/e200z4/fp/crtbegin.o
 .rela.got2     0x01009e8c        0x0 c:/nxp/s32ds_power_v2.1/s32ds/build_tools/powerpc-eabivle-4_9/bin/../lib/gcc/powerpc-eabivle/4.9.4/e200z4/fp/crtbegin.o

.interrupts_ram
                0x40000000      0xc00
                0x40000000                __VECTOR_RAM = .
 *(.m_interrupts_ram)
                0x40000c00                . = (. + __RAM_VECTOR_TABLE_SIZE)
 *fill*         0x40000000      0xc00 
                0x01009e8c                __CUSTOM_ROM = __TEXT_END

.customSectionBlock
                0x40000c00        0x0 load address 0x01009e8c
                0x40000c00                . = ALIGN (0x4)
                0x40000c00                __CUSTOM_RAM = .
                0x40000c00                __customSectionStart = .
                0x40000c00                __customSection_start__ = .
 *(.customSection)
                0x40000c00                . = ALIGN (0x4)
                0x40000c00                __customSection_end__ = .
                0x40000c00                __customSectionEnd = .
                0x01009e8c                __CUSTOM_END = (__CUSTOM_ROM + (__customSection_end__ - __customSection_start__))
                0x01009e8c                __DATA_ROM = __CUSTOM_END

.data           0x40000c00     0x26f8 load address 0x01009e8c
                0x40000c00                . = ALIGN (0x4)
                0x40000c00                __DATA_RAM = .
                0x40000c00                __data_start__ = .
 *(.data)
 .data          0x40000c00        0x4 c:/nxp/s32ds_power_v2.1/s32ds/build_tools/powerpc-eabivle-4_9/bin/../lib/gcc/powerpc-eabivle/4.9.4/e200z4/fp\libgcc.a(eabivle.o)
 *(.data.*)
 .data.peripheralClockMcMeConfig0
                0x40000c04      0x15c ./Generated_Code/clockMan1.o
                0x40000c04                peripheralClockMcMeConfig0
 .data.clockMan1_InitConfig0
                0x40000d60      0x248 ./Generated_Code/clockMan1.o
                0x40000d60                clockMan1_InitConfig0
 .data.ethernet1_InitConfig0
                0x40000fa8       0x24 ./Generated_Code/ethernet1.o
                0x40000fa8                ethernet1_InitConfig0
 .data.g_pin_mux_InitConfigArr
                0x40000fcc     0x183c ./Generated_Code/pin_mux.o
                0x40000fcc                g_pin_mux_InitConfigArr
 .data.data1    0x40002808      0xa28 ./Sources/main.o
                0x40002808                data1
 .data.data2    0x40003230       0xc8 ./Sources/main.o
                0x40003230                data2
                0x400032f8                . = ALIGN (0x4)
                0x400032f8                __data_end__ = .
                0x0100c584                __DATA_END = (__DATA_ROM + (__data_end__ - __data_start__))
                0x0100c584                __SDATA_ROM = __DATA_END

.jcr            0x400032f8        0x0 load address 0x0100c584
 .jcr           0x400032f8        0x0 c:/nxp/s32ds_power_v2.1/s32ds/build_tools/powerpc-eabivle-4_9/bin/../lib/gcc/powerpc-eabivle/4.9.4/e200z4/fp/crtbegin.o

.tm_clone_table
                0x400032f8        0x0 load address 0x0100c584
 .tm_clone_table
                0x400032f8        0x0 c:/nxp/s32ds_power_v2.1/s32ds/build_tools/powerpc-eabivle-4_9/bin/../lib/gcc/powerpc-eabivle/4.9.4/e200z4/fp/crtbegin.o
 .tm_clone_table
                0x400032f8        0x0 c:/nxp/s32ds_power_v2.1/s32ds/build_tools/powerpc-eabivle-4_9/bin/../lib/gcc/powerpc-eabivle/4.9.4/e200z4/fp/crtend.o

.sdata          0x400032f8       0x20 load address 0x0100c584
                0x400032f8                . = ALIGN (0x4)
                0x400032f8                __SDATA_RAM = .
                0x400032f8                __sdata_start__ = .
 *(.sdata)
 .sdata         0x400032f8        0x0 c:/nxp/s32ds_power_v2.1/s32ds/build_tools/powerpc-eabivle-4_9/bin/../lib/gcc/powerpc-eabivle/4.9.4/e200z4/fp/ecrti.o
                0x400032f8                __SDATA_START__
 .sdata         0x400032f8        0x0 c:/nxp/s32ds_power_v2.1/s32ds/build_tools/powerpc-eabivle-4_9/bin/../lib/gcc/powerpc-eabivle/4.9.4/e200z4/fp/crtbegin.o
                0x4000b2f8                _SDA_BASE_
 *(.sdata.*)
 .sdata.g_clockManConfigsArr
                0x400032f8        0x4 ./Generated_Code/clockMan1.o
                0x400032f8                g_clockManConfigsArr
 .sdata.ethernet1_MacAddr
                0x400032fc        0x6 ./Generated_Code/ethernet1.o
                0x400032fc                ethernet1_MacAddr
 *fill*         0x40003302        0x2 
 .sdata.ethernet2_MacAddr
                0x40003304        0x6 ./Generated_Code/ethernet2.o
                0x40003304                ethernet2_MacAddr
 *fill*         0x4000330a        0x2 
 .sdata.g_xtal0ClkFreq
                0x4000330c        0x4 ./SDK/platform/drivers/src/clock/MPC57xx/clock_MPC57xx.o
                0x4000330c                g_xtal0ClkFreq
 .sdata.g_xtal1ClkFreq
                0x40003310        0x4 ./SDK/platform/drivers/src/clock/MPC57xx/clock_MPC57xx.o
                0x40003310                g_xtal1ClkFreq
 .sdata.first_init.5316
                0x40003314        0x1 ./SDK/rtos/osif/osif_baremetal.o
                0x40003318                . = ALIGN (0x4)
 *fill*         0x40003315        0x3 
                0x40003318                __sdata_end__ = .
                0x0100c5a4                __SDATA_END = (__SDATA_ROM + (__sdata_end__ - __sdata_start__))

.sbss           0x40003318       0x68 load address 0x0100c5a4
                0x40003318                . = ALIGN (0x4)
                0x40003318                __SBSS_START = .
                0x40003318                __sbss_start__ = .
 *(.sbss)
 .sbss          0x40003318        0x0 c:/nxp/s32ds_power_v2.1/s32ds/build_tools/powerpc-eabivle-4_9/bin/../lib/gcc/powerpc-eabivle/4.9.4/e200z4/fp/ecrti.o
                0x40003318                __SBSS_START__
 .sbss          0x40003318        0x0 c:/nxp/s32ds_power_v2.1/s32ds/build_tools/powerpc-eabivle-4_9/bin/../lib/gcc/powerpc-eabivle/4.9.4/e200z4/fp/ecrtn.o
                0x40003318                __SBSS_END__
 *(.sbss.*)
 .sbss.g_clockManCallbacksArr
                0x40003318        0x4 ./Generated_Code/clockMan1.o
                0x40003318                g_clockManCallbacksArr
 .sbss.g_pllPhi1ClkFreq
                0x4000331c        0x4 ./SDK/platform/drivers/src/clock/MPC57xx/clock_MPC57xx.o
 .sbss.g_enetRmiiClkFreq
                0x40003320        0x4 ./SDK/platform/drivers/src/clock/MPC57xx/clock_MPC57xx.o
 .sbss.g_fircClkUndividedFreq
                0x40003324        0x4 ./SDK/platform/drivers/src/clock/MPC57xx/clock_MPC57xx.o
 .sbss.g_sircClkUndividedFreq
                0x40003328        0x4 ./SDK/platform/drivers/src/clock/MPC57xx/clock_MPC57xx.o
 .sbss.g_fircClkFreq
                0x4000332c        0x4 ./SDK/platform/drivers/src/clock/MPC57xx/clock_MPC57xx.o
 .sbss.g_sxoscClkUndividedFreq
                0x40003330        0x4 ./SDK/platform/drivers/src/clock/MPC57xx/clock_MPC57xx.o
 .sbss.g_sxoscClkFreq
                0x40003334        0x4 ./SDK/platform/drivers/src/clock/MPC57xx/clock_MPC57xx.o
 .sbss.g_pllPhi0ClkFreq
                0x40003338        0x4 ./SDK/platform/drivers/src/clock/MPC57xx/clock_MPC57xx.o
 .sbss.g_sircClkFreq
                0x4000333c        0x4 ./SDK/platform/drivers/src/clock/MPC57xx/clock_MPC57xx.o
 .sbss.clockSourceFrequenciesAreCalculatedAndCached.6277
                0x40003340        0x1 ./SDK/platform/drivers/src/clock/MPC57xx/clock_MPC57xx.o
 *fill*         0x40003341        0x3 
 .sbss.g_fxoscClkUndividedFreq
                0x40003344        0x4 ./SDK/platform/drivers/src/clock/MPC57xx/clock_MPC57xx.o
 .sbss.g_fxoscClkFreq
                0x40003348        0x4 ./SDK/platform/drivers/src/clock/MPC57xx/clock_MPC57xx.o
 .sbss.s_virtEdmaState
                0x4000334c        0x4 ./SDK/platform/drivers/src/edma/edma_driver.o
 .sbss.g_enetState
                0x40003350        0x8 ./SDK/platform/drivers/src/enet/enet_driver.o
                0x40003350                g_enetState
 .sbss.g_interruptDisableCount
                0x40003358        0x4 ./SDK/platform/drivers/src/interrupt/interrupt_manager_MPC57xx.o
 .sbss.s_linFlexDStateInstanceMapping
                0x4000335c        0x2 ./SDK/platform/pal/src/uart/uart_pal.o
 *fill*         0x4000335e        0x2 
 .sbss.s_linFlexDStateIsAllocated
                0x40003360        0x2 ./SDK/platform/pal/src/uart/uart_pal.o
 *fill*         0x40003362        0x2 
 .sbss.s_osif_tick_cnt
                0x40003364        0x4 ./SDK/rtos/osif/osif_baremetal.o
 .sbss.buf1     0x40003368        0x8 ./Sources/main.o
                0x40003368                buf1
 .sbss.buf2     0x40003370        0x8 ./Sources/main.o
                0x40003370                buf2
 .sbss.exit_code
                0x40003378        0x4 ./Sources/main.o
                0x40003378                exit_code
 .sbss.bufferIdx
                0x4000337c        0x1 ./Sources/main.o
                0x4000337c                bufferIdx
                0x40003380                . = ALIGN (0x4)
 *fill*         0x4000337d        0x3 
                0x40003380                __sbss_end__ = .
                0x40003380                __SBSS_END = .

.bss            0x40003380     0x2be0 load address 0x0100c640
                0x40003380                . = ALIGN (0x4)
                0x40003380                __BSS_START = .
                0x40003380                __bss_start__ = .
 *(.bss)
 .bss           0x40003380       0x20 c:/nxp/s32ds_power_v2.1/s32ds/build_tools/powerpc-eabivle-4_9/bin/../lib/gcc/powerpc-eabivle/4.9.4/e200z4/fp/crtbegin.o
 *(.bss.*)
 .bss.ethernet1_State
                0x400033a0       0x48 ./Generated_Code/ethernet1.o
                0x400033a0                ethernet1_State
 *fill*         0x400033e8       0x18 
 .bss.ethernet1_txBuffDescrip0_0
                0x40003400       0x40 ./Generated_Code/ethernet1.o
 .bss.ethernet1_rxDataBuff0_0
                0x40003440     0x1400 ./Generated_Code/ethernet1.o
 .bss.ethernet1_rxBuffDescrip0_0
                0x40004840       0x40 ./Generated_Code/ethernet1.o
 .bss.ethernet2_txBuffDescrip0_0
                0x40004880       0x40 ./Generated_Code/ethernet2.o
 .bss.ethernet2_rxBuffDescrip0_0
                0x400048c0       0x40 ./Generated_Code/ethernet2.o
 .bss.ethernet2_State
                0x40004900       0x48 ./Generated_Code/ethernet2.o
                0x40004900                ethernet2_State
 *fill*         0x40004948       0x38 
 .bss.ethernet2_rxDataBuff0_0
                0x40004980     0x1400 ./Generated_Code/ethernet2.o
 .bss.g_clockState
                0x40005d80       0x10 ./SDK/platform/drivers/src/clock/MPC57xx/clock_MPC57xx.o
 .bss.s_uartLINFlexDStatePtr
                0x40005d90       0x48 ./SDK/platform/drivers/src/linflexd/linflexd_uart_driver.o
 .bss.s_linFlexDState
                0x40005dd8       0x88 ./SDK/platform/pal/src/uart/uart_pal.o
 .bss.buffer    0x40005e60      0x100 ./Sources/main.o
                0x40005e60                buffer
 *(COMMON)
                0x40005f60                . = ALIGN (0x4)
                0x40005f60                __bss_end__ = .
                0x40005f60                __BSS_END = .
                0x0100c5a4                __CODE_ROM = __SDATA_END

.iplt           0x40005f60        0x0 load address 0x0100f220
 .iplt          0x40005f60        0x0 c:/nxp/s32ds_power_v2.1/s32ds/build_tools/powerpc-eabivle-4_9/bin/../lib/gcc/powerpc-eabivle/4.9.4/e200z4/fp/crtbegin.o

.code           0x40005f60        0x0 load address 0x0100c5a4
                0x40005f60                . = ALIGN (0x4)
                0x40005f60                __CODE_RAM = .
                0x40005f60                __code_start__ = .
                0x40005f60                __code_ram_start__ = .
 *(.code_ram)
                0x40005f60                . = ALIGN (0x4)
                0x40005f60                __code_ram_end__ = .
                0x40005f60                __code_end__ = .
                0x0100c5a4                __CODE_END = (__CODE_ROM + (__code_end__ - __code_start__))

.stack          0x40005f60     0x1000 load address 0x0100f220
                0x40005f60                __HEAP = .
                [!provide]                PROVIDE (_end, .)
                [!provide]                PROVIDE (end, .)
                0x40005f60                . = (. + __HEAP_SIZE)
                0x40005f60                __HEAP_END = .
                0x40005f60                _stack_end = .
                0x40006f60                . = (. + __STACK_SIZE)
 *fill*         0x40005f60     0x1000 
                0x40006f60                . = ALIGN (0x4)
                0x40006f60                _stack_addr = .
                0x40006f60                __SP_INIT = .
                0x00040000                __SRAM_SIZE = SRAM_SIZE
                0x40000000                __SRAM_BASE_ADDR = SRAM_BASE_ADDR
                0x00002be0                __BSS_SIZE = (__BSS_END - __BSS_START)
OUTPUT(ZDBox2_eth_status_print.elf elf32-powerpc)

.comment        0x00000000       0x9c